Archive member included to satisfy reference by file (symbol)

.\CortexM3\ARM_GCC_541\Debug\CS301_Class.a(ADC.o)
                              .\CortexM3\ARM_GCC_541\Debug\main.o (ADC_Start)
.\CortexM3\ARM_GCC_541\Debug\CS301_Class.a(ADC_INT.o)
                              .\CortexM3\ARM_GCC_541\Debug\CS301_Class.a(ADC.o) (ADC_ISR)
.\CortexM3\ARM_GCC_541\Debug\CS301_Class.a(isr_TS.o)
                              .\CortexM3\ARM_GCC_541\Debug\main.o (isr_TS_Disable)
.\CortexM3\ARM_GCC_541\Debug\CS301_Class.a(Timer_TS.o)
                              .\CortexM3\ARM_GCC_541\Debug\main.o (Timer_TS_Start)
.\CortexM3\ARM_GCC_541\Debug\CS301_Class.a(USBUART.o)
                              .\CortexM3\ARM_GCC_541\Debug\main.o (USBUART_Start)
.\CortexM3\ARM_GCC_541\Debug\CS301_Class.a(USBUART_cdc.o)
                              .\CortexM3\ARM_GCC_541\Debug\main.o (USBUART_PutData)
.\CortexM3\ARM_GCC_541\Debug\CS301_Class.a(USBUART_drv.o)
                              .\CortexM3\ARM_GCC_541\Debug\CS301_Class.a(USBUART.o) (USBUART_EP)
.\CortexM3\ARM_GCC_541\Debug\CS301_Class.a(USBUART_episr.o)
                              .\CortexM3\ARM_GCC_541\Debug\CS301_Class.a(USBUART.o) (USBUART_EP_1_ISR)
.\CortexM3\ARM_GCC_541\Debug\CS301_Class.a(USBUART_pm.o)
                              .\CortexM3\ARM_GCC_541\Debug\CS301_Class.a(USBUART.o) (USBUART_DP_ISR)
.\CortexM3\ARM_GCC_541\Debug\CS301_Class.a(USBUART_std.o)
                              .\CortexM3\ARM_GCC_541\Debug\CS301_Class.a(USBUART_drv.o) (USBUART_HandleStandardRqst)
.\CortexM3\ARM_GCC_541\Debug\CS301_Class.a(USBUART_vnd.o)
                              .\CortexM3\ARM_GCC_541\Debug\CS301_Class.a(USBUART_drv.o) (USBUART_HandleVendorRqst)
.\CortexM3\ARM_GCC_541\Debug\CS301_Class.a(ADC_SAR.o)
                              .\CortexM3\ARM_GCC_541\Debug\CS301_Class.a(ADC.o) (ADC_SAR_shift)
.\CortexM3\ARM_GCC_541\Debug\CS301_Class.a(ADC_TempBuf_dma.o)
                              .\CortexM3\ARM_GCC_541\Debug\CS301_Class.a(ADC.o) (ADC_TempBuf_DmaInitialize)
.\CortexM3\ARM_GCC_541\Debug\CS301_Class.a(ADC_FinalBuf_dma.o)
                              .\CortexM3\ARM_GCC_541\Debug\CS301_Class.a(ADC.o) (ADC_FinalBuf_DmaInitialize)
.\CortexM3\ARM_GCC_541\Debug\CS301_Class.a(ADC_IRQ.o)
                              .\CortexM3\ARM_GCC_541\Debug\main.o (ADC_IRQ_Disable)
.\CortexM3\ARM_GCC_541\Debug\CS301_Class.a(USBUART_Dp.o)
                              .\CortexM3\ARM_GCC_541\Debug\CS301_Class.a(USBUART.o) (USBUART_Dp_ClearInterrupt)
.\CortexM3\ARM_GCC_541\Debug\CS301_Class.a(CyDmac.o)
                              .\CortexM3\ARM_GCC_541\Debug\Cm3Start.o (CyDmacConfigure)
.\CortexM3\ARM_GCC_541\Debug\CS301_Class.a(CyLib.o)
                              .\CortexM3\ARM_GCC_541\Debug\Cm3Start.o (CyResetStatus)
.\CortexM3\ARM_GCC_541\Debug\CS301_Class.a(cyPm.o)
                              .\CortexM3\ARM_GCC_541\Debug\CS301_Class.a(CyLib.o) (CyPmReadStatus)
.\CortexM3\ARM_GCC_541\Debug\CS301_Class.a(cyutils.o)
                              .\CortexM3\ARM_GCC_541\Debug\CS301_Class.a(Timer_TS.o) (CySetReg24)
.\CortexM3\ARM_GCC_541\Debug\CS301_Class.a(PWM_1.o)
                              .\CortexM3\ARM_GCC_541\Debug\motors.o (PWM_1_Start)
.\CortexM3\ARM_GCC_541\Debug\CS301_Class.a(PWM_2.o)
                              .\CortexM3\ARM_GCC_541\Debug\motors.o (PWM_2_Start)
.\CortexM3\ARM_GCC_541\Debug\CS301_Class.a(QuadDec_M1.o)
                              .\CortexM3\ARM_GCC_541\Debug\main.o (QuadDec_M1_Start)
.\CortexM3\ARM_GCC_541\Debug\CS301_Class.a(QuadDec_M2.o)
                              .\CortexM3\ARM_GCC_541\Debug\main.o (QuadDec_M2_Start)
.\CortexM3\ARM_GCC_541\Debug\CS301_Class.a(QuadDec_M1_Cnt16.o)
                              .\CortexM3\ARM_GCC_541\Debug\CS301_Class.a(QuadDec_M1.o) (QuadDec_M1_Cnt16_WriteCounter)
.\CortexM3\ARM_GCC_541\Debug\CS301_Class.a(QuadDec_M2_Cnt16.o)
                              .\CortexM3\ARM_GCC_541\Debug\CS301_Class.a(QuadDec_M2.o) (QuadDec_M2_Cnt16_WriteCounter)
.\CortexM3\ARM_GCC_541\Debug\CS301_Class.a(UART.o)
                              .\CortexM3\ARM_GCC_541\Debug\main.o (UART_Start)
.\CortexM3\ARM_GCC_541\Debug\CS301_Class.a(UART_IntClock.o)
                              .\CortexM3\ARM_GCC_541\Debug\CS301_Class.a(UART.o) (UART_IntClock_Start)
.\CortexM3\ARM_GCC_541\Debug\CS301_Class.a(RF_BT_SELECT.o)
                              .\CortexM3\ARM_GCC_541\Debug\main.o (RF_BT_SELECT_Write)
.\CortexM3\ARM_GCC_541\Debug\CS301_Class.a(eoc.o)
                              .\CortexM3\ARM_GCC_541\Debug\main.o (eoc_StartEx)
.\CortexM3\ARM_GCC_541\Debug\CS301_Class.a(LED_PIN_2.o)
                              .\CortexM3\ARM_GCC_541\Debug\main.o (LED_PIN_2_Write)
.\CortexM3\ARM_GCC_541\Debug\CS301_Class.a(LED_PIN_3.o)
                              .\CortexM3\ARM_GCC_541\Debug\main.o (LED_PIN_3_Write)
.\CortexM3\ARM_GCC_541\Debug\CS301_Class.a(LED_PIN_4.o)
                              .\CortexM3\ARM_GCC_541\Debug\main.o (LED_PIN_4_Write)
[...]
Memory Configuration

Name             Origin             Length             Attributes
rom              0x00000000         0x00040000         xr
ram              0x1fff8000         0x00010000         xrw
*default*        0x00000000         0xffffffff

Linker script and memory map

LOAD c:/program files (x86)/cypress/psoc creator/4.2/psoc creator/import/gnu/arm/5.4.1/bin/../lib/gcc/arm-none-eabi/5.4.1/armv7-m/crti.o
LOAD c:/program files (x86)/cypress/psoc creator/4.2/psoc creator/import/gnu/arm/5.4.1/bin/../lib/gcc/arm-none-eabi/5.4.1/armv7-m/crtbegin.o
LOAD c:/program files (x86)/cypress/psoc creator/4.2/psoc creator/import/gnu/arm/5.4.1/bin/../lib/gcc/arm-none-eabi/5.4.1/../../../../arm-none-eabi/lib/armv7-m/crt0.o
START GROUP
LOAD .\CortexM3\ARM_GCC_541\Debug\main.o
LOAD .\CortexM3\ARM_GCC_541\Debug\tacho.o
LOAD .\CortexM3\ARM_GCC_541\Debug\motors.o
LOAD .\CortexM3\ARM_GCC_541\Debug\pathfind.o
LOAD .\CortexM3\ARM_GCC_541\Debug\cyfitter_cfg.o
LOAD .\CortexM3\ARM_GCC_541\Debug\cymetadata.o
LOAD .\CortexM3\ARM_GCC_541\Debug\Cm3Start.o
LOAD .\CortexM3\ARM_GCC_541\Debug\CS301_Class.a
LOAD C:\Program Files (x86)\Cypress\PSoC Creator\4.2\PSoC Creator\psoc\content\cycomponentlibrary\CyComponentLibrary.cylib\CortexM3\ARM_GCC_541\Debug\CyComponentLibrary.a
END GROUP
START GROUP
LOAD c:/program files (x86)/cypress/psoc creator/4.2/psoc creator/import/gnu/arm/5.4.1/bin/../lib/gcc/arm-none-eabi/5.4.1/armv7-m\libgcc.a
LOAD c:/program files (x86)/cypress/psoc creator/4.2/psoc creator/import/gnu/arm/5.4.1/bin/../lib/gcc/arm-none-eabi/5.4.1/../../../../arm-none-eabi/lib/armv7-m\libg_nano.a
LOAD c:/program files (x86)/cypress/psoc creator/4.2/psoc creator/import/gnu/arm/5.4.1/bin/../lib/gcc/arm-none-eabi/5.4.1/../../../../arm-none-eabi/lib/armv7-m\libc_nano.a
END GROUP
START GROUP
LOAD c:/program files (x86)/cypress/psoc creator/4.2/psoc creator/import/gnu/arm/5.4.1/bin/../lib/gcc/arm-none-eabi/5.4.1/armv7-m\libgcc.a
LOAD c:/program files (x86)/cypress/psoc creator/4.2/psoc creator/import/gnu/arm/5.4.1/bin/../lib/gcc/arm-none-eabi/5.4.1/../../../../arm-none-eabi/lib/armv7-m\libc_nano.a
END GROUP
LOAD c:/program files (x86)/cypress/psoc creator/4.2/psoc creator/import/gnu/arm/5.4.1/bin/../lib/gcc/arm-none-eabi/5.4.1/armv7-m/crtend.o
LOAD c:/program files (x86)/cypress/psoc creator/4.2/psoc creator/import/gnu/arm/5.4.1/bin/../lib/gcc/arm-none-eabi/5.4.1/armv7-m/crtn.o
START GROUP
LOAD c:/program files (x86)/cypress/psoc creator/4.2/psoc creator/import/gnu/arm/5.4.1/bin/../lib/gcc/arm-none-eabi/5.4.1/armv7-m\libgcc.a
LOAD c:/program files (x86)/cypress/psoc creator/4.2/psoc creator/import/gnu/arm/5.4.1/bin/../lib/gcc/arm-none-eabi/5.4.1/../../../../arm-none-eabi/lib/armv7-m\libc.a
LOAD c:/program files (x86)/cypress/psoc creator/4.2/psoc creator/import/gnu/arm/5.4.1/bin/../lib/gcc/arm-none-eabi/5.4.1/../../../../arm-none-eabi/lib/armv7-m\libnosys.a
END GROUP
                0x00000000                CY_APPL_ORIGIN = 0x0
                0x00000100                CY_FLASH_ROW_SIZE = 0x100
                0x00000020                CY_ECC_ROW_SIZE = 0x20
                0x00000000                CY_EE_IN_BTLDR = 0x0
                0x00000000                CY_APPL_LOADABLE = 0x0
                0x00000800                CY_EE_SIZE = 0x800
                0x00000001                CY_APPL_NUM = 0x1
                0x00000001                CY_APPL_MAX = 0x1
                0x00000040                CY_METADATA_SIZE = 0x40
                0x00000000                CY_APPL_LOADABLE = 0x0
                0x00000000                CY_CHECKSUM_EXCLUDE_SIZE = ALIGN (0x0, CY_FLASH_ROW_SIZE)
                [!provide]                PROVIDE (__cy_heap_start, _end)
                0x00000001                PROVIDE (__cy_region_num, ((__cy_regions_end - __cy_regions) / 0x10))
                0x20008000                PROVIDE (__cy_stack, (ORIGIN (ram) + LENGTH (ram)))
                [!provide]                PROVIDE (__cy_heap_end, (__cy_stack - 0x800))

.cybootloader   0x00000000        0x0
 *(.cybootloader)
                0x00000000                appl1_start = CY_APPL_ORIGIN?CY_APPL_ORIGIN:ALIGN (CY_FLASH_ROW_SIZE)
                0x0001ff00                appl2_start = (appl1_start + ALIGN ((((LENGTH (rom) - appl1_start) - (0x2 * CY_FLASH_ROW_SIZE)) / 0x2), CY_FLASH_ROW_SIZE))
                0x00000000                appl_start = (CY_APPL_NUM == 0x1)?appl1_start:appl2_start
                0x00000000                ecc_offset = ((appl_start / CY_FLASH_ROW_SIZE) * CY_ECC_ROW_SIZE)
                0x00000000                ee_offset = (CY_APPL_LOADABLE && ! (CY_EE_IN_BTLDR))?((CY_EE_SIZE / CY_APPL_MAX) * (CY_APPL_NUM - 0x1)):0x0
                0x00000800                ee_size = (CY_APPL_LOADABLE && ! (CY_EE_IN_BTLDR))?(CY_EE_SIZE / CY_APPL_MAX):CY_EE_SIZE
                [!provide]                PROVIDE (CY_ECC_OFFSET, ecc_offset)

.text           0x00000000     0x5de8
 CREATE_OBJECT_SYMBOLS
                0x00000000                PROVIDE (__cy_interrupt_vector, RomVectors)
 *(.romvectors)
 .romvectors    0x00000000       0x10 .\CortexM3\ARM_GCC_541\Debug\Cm3Start.o
                0x00000000                RomVectors
                0x00000001                ASSERT ((. != __cy_interrupt_vector), No interrupt vector)
                0x00000001                ASSERT (CY_APPL_ORIGIN?(SIZEOF (.cybootloader) <= CY_APPL_ORIGIN):0x1, Wrong image location)
                0x00000010                PROVIDE (__cy_reset, Reset)
 *(.text.Reset)
 .text.Reset    0x00000010       0x18 .\CortexM3\ARM_GCC_541\Debug\Cm3Start.o
                0x00000010                Reset
                0x00000001                ASSERT ((. != __cy_reset), No reset code)
 *(.dma_init)
                0x00000001                ASSERT ((((appl_start + .) <= 0x10000) || 0x1), DMA Init must be within the first 64k of flash)
 *(.text .text.* .gnu.linkonce.t.*)
 .text          0x00000028       0x5c c:/program files (x86)/cypress/psoc creator/4.2/psoc creator/import/gnu/arm/5.4.1/bin/../lib/gcc/arm-none-eabi/5.4.1/armv7-m/crtbegin.o
 .text.eoc      0x00000084       0x18 .\CortexM3\ARM_GCC_541\Debug\main.o
                0x00000084                eoc
 .text.MyISR    0x0000009c       0x18 .\CortexM3\ARM_GCC_541\Debug\main.o
                0x0000009c                MyISR
 .text.main     0x000000b4      0x728 .\CortexM3\ARM_GCC_541\Debug\main.o
                0x000000b4                main
 .text.usbPutString
                0x000007dc       0x40 .\CortexM3\ARM_GCC_541\Debug\main.o
                0x000007dc                usbPutString
 .text.usbPutChar
                0x0000081c       0x28 .\CortexM3\ARM_GCC_541\Debug\main.o
                0x0000081c                usbPutChar
 .text.initMotors
                0x00000844       0x1c .\CortexM3\ARM_GCC_541\Debug\motors.o
                0x00000844                initMotors
 .text.driveForward
                0x00000860       0x34 .\CortexM3\ARM_GCC_541\Debug\motors.o
                0x00000860                driveForward
 .text.stop     0x00000894       0x14 .\CortexM3\ARM_GCC_541\Debug\motors.o
                0x00000894                stop
 .text.adjustLeft
                0x000008a8       0x30 .\CortexM3\ARM_GCC_541\Debug\motors.o
                0x000008a8                adjustLeft
 .text.adjustRight
                0x000008d8       0x30 .\CortexM3\ARM_GCC_541\Debug\motors.o
                0x000008d8                adjustRight
 .text.turnLeft
                0x00000908       0x34 .\CortexM3\ARM_GCC_541\Debug\motors.o
                0x00000908                turnLeft
 .text.turnRight
                0x0000093c       0x34 .\CortexM3\ARM_GCC_541\Debug\motors.o
                0x0000093c                turnRight
 .text.pathfind
                0x00000970       0x94 .\CortexM3\ARM_GCC_541\Debug\pathfind.o
                0x00000970                pathfind
 .text.bfs      0x00000a04      0x7a0 .\CortexM3\ARM_GCC_541\Debug\pathfind.o
                0x00000a04                bfs
 .text.CYMEMZERO
                0x000011a4       0x1c .\CortexM3\ARM_GCC_541\Debug\cyfitter_cfg.o
 .text.CYCONFIGCPY
                0x000011c0       0x20 .\CortexM3\ARM_GCC_541\Debug\cyfitter_cfg.o
 .text.CyClockStartupError
                0x000011e0        0xc .\CortexM3\ARM_GCC_541\Debug\cyfitter_cfg.o
 .text.cfg_write_bytes32
                0x000011ec       0x74 .\CortexM3\ARM_GCC_541\Debug\cyfitter_cfg.o
 .text.ClockSetup
                0x00001260      0x154 .\CortexM3\ARM_GCC_541\Debug\cyfitter_cfg.o
 .text.AnalogSetDefault
                0x000013b4       0xbc .\CortexM3\ARM_GCC_541\Debug\cyfitter_cfg.o
 .text.cyfitter_cfg
                0x00001470      0x1e0 .\CortexM3\ARM_GCC_541\Debug\cyfitter_cfg.o
                0x00001470                cyfitter_cfg
 .text.IntDefaultHandler
                0x00001650       0x14 .\CortexM3\ARM_GCC_541\Debug\Cm3Start.o
                0x00001650                IntDefaultHandler
 .text._sbrk    0x00001664       0x50 .\CortexM3\ARM_GCC_541\Debug\Cm3Start.o
                0x00001664                _sbrk
 .text.Start_c  0x000016b4       0x98 .\CortexM3\ARM_GCC_541\Debug\Cm3Start.o
                0x000016b4                Start_c
 .text.initialize_psoc
                0x0000174c       0x94 .\CortexM3\ARM_GCC_541\Debug\Cm3Start.o
                0x0000174c                initialize_psoc
 .text.ADC_Init
                0x000017e0       0x50 .\CortexM3\ARM_GCC_541\Debug\CS301_Class.a(ADC.o)
                0x000017e0                ADC_Init
 .text.ADC_Enable
                0x00001830      0x130 .\CortexM3\ARM_GCC_541\Debug\CS301_Class.a(ADC.o)
                0x00001830                ADC_Enable
 .text.ADC_Start
                0x00001960       0x30 .\CortexM3\ARM_GCC_541\Debug\CS301_Class.a(ADC.o)
                0x00001960                ADC_Start
 .text.ADC_StartConvert
                0x00001990        0xc .\CortexM3\ARM_GCC_541\Debug\CS301_Class.a(ADC.o)
                0x00001990                ADC_StartConvert
 .text.ADC_GetResult16
                0x0000199c       0x38 .\CortexM3\ARM_GCC_541\Debug\CS301_Class.a(ADC.o)
                0x0000199c                ADC_GetResult16
 .text.ADC_ISR  0x000019d4        0xc .\CortexM3\ARM_GCC_541\Debug\CS301_Class.a(ADC_INT.o)
                0x000019d4                ADC_ISR
 .text.isr_TS_StartEx
                0x000019e0       0x24 .\CortexM3\ARM_GCC_541\Debug\CS301_Class.a(isr_TS.o)
                0x000019e0                isr_TS_StartEx
 .text.isr_TS_SetVector
                0x00001a04       0x24 .\CortexM3\ARM_GCC_541\Debug\CS301_Class.a(isr_TS.o)
                0x00001a04                isr_TS_SetVector
 .text.isr_TS_SetPriority
                0x00001a28       0x24 .\CortexM3\ARM_GCC_541\Debug\CS301_Class.a(isr_TS.o)
                0x00001a28                isr_TS_SetPriority
 .text.isr_TS_Enable
                0x00001a4c       0x18 .\CortexM3\ARM_GCC_541\Debug\CS301_Class.a(isr_TS.o)
                0x00001a4c                isr_TS_Enable
 .text.isr_TS_Disable
                0x00001a64       0x18 .\CortexM3\ARM_GCC_541\Debug\CS301_Class.a(isr_TS.o)
                0x00001a64                isr_TS_Disable
 .text.Timer_TS_Init
                0x00001a7c       0x4c .\CortexM3\ARM_GCC_541\Debug\CS301_Class.a(Timer_TS.o)
                0x00001a7c                Timer_TS_Init
 .text.Timer_TS_Enable
                0x00001ac8       0x20 .\CortexM3\ARM_GCC_541\Debug\CS301_Class.a(Timer_TS.o)
                0x00001ac8                Timer_TS_Enable
 .text.Timer_TS_Start
                0x00001ae8       0x24 .\CortexM3\ARM_GCC_541\Debug\CS301_Class.a(Timer_TS.o)
                0x00001ae8                Timer_TS_Start
 .text.Timer_TS_SetInterruptMode
                0x00001b0c       0x20 .\CortexM3\ARM_GCC_541\Debug\CS301_Class.a(Timer_TS.o)
                0x00001b0c                Timer_TS_SetInterruptMode
 .text.Timer_TS_ReadStatusRegister
                0x00001b2c       0x18 .\CortexM3\ARM_GCC_541\Debug\CS301_Class.a(Timer_TS.o)
                0x00001b2c                Timer_TS_ReadStatusRegister
 .text.Timer_TS_WritePeriod
                0x00001b44       0x1c .\CortexM3\ARM_GCC_541\Debug\CS301_Class.a(Timer_TS.o)
                0x00001b44                Timer_TS_WritePeriod
 .text.Timer_TS_ReadCapture
                0x00001b60       0x18 .\CortexM3\ARM_GCC_541\Debug\CS301_Class.a(Timer_TS.o)
                0x00001b60                Timer_TS_ReadCapture
 .text.Timer_TS_WriteCounter
                0x00001b78       0x1c .\CortexM3\ARM_GCC_541\Debug\CS301_Class.a(Timer_TS.o)
                0x00001b78                Timer_TS_WriteCounter
 .text.Timer_TS_ClearFIFO
                0x00001b94       0x1c .\CortexM3\ARM_GCC_541\Debug\CS301_Class.a(Timer_TS.o)
                0x00001b94                Timer_TS_ClearFIFO
 .text.USBUART_Start
                0x00001bb0       0x3c .\CortexM3\ARM_GCC_541\Debug\CS301_Class.a(USBUART.o)
                0x00001bb0                USBUART_Start
 .text.USBUART_Init
                0x00001bec      0x1a4 .\CortexM3\ARM_GCC_541\Debug\CS301_Class.a(USBUART.o)
                0x00001bec                USBUART_Init
 .text.USBUART_InitComponent
                0x00001d90      0x100 .\CortexM3\ARM_GCC_541\Debug\CS301_Class.a(USBUART.o)
                0x00001d90                USBUART_InitComponent
 .text.USBUART_ReInitComponent
                0x00001e90       0x68 .\CortexM3\ARM_GCC_541\Debug\CS301_Class.a(USBUART.o)
                0x00001e90                USBUART_ReInitComponent
 .text.USBUART_GetEPState
                0x00001ef8       0x2c .\CortexM3\ARM_GCC_541\Debug\CS301_Class.a(USBUART.o)
                0x00001ef8                USBUART_GetEPState
 .text.USBUART_LoadInEP
                0x00001f24      0x108 .\CortexM3\ARM_GCC_541\Debug\CS301_Class.a(USBUART.o)
                0x00001f24                USBUART_LoadInEP
 .text.USBUART_DispatchCDCClassRqst
                0x0000202c       0xe4 .\CortexM3\ARM_GCC_541\Debug\CS301_Class.a(USBUART_cdc.o)
                0x0000202c                USBUART_DispatchCDCClassRqst
 .text.USBUART_GetInterfaceComPort
                0x00002110       0x60 .\CortexM3\ARM_GCC_541\Debug\CS301_Class.a(USBUART_cdc.o)
                0x00002110                USBUART_GetInterfaceComPort
 .text.USBUART_PutData
                0x00002170       0x6c .\CortexM3\ARM_GCC_541\Debug\CS301_Class.a(USBUART_cdc.o)
                0x00002170                USBUART_PutData
 .text.USBUART_PutChar
                0x000021dc       0x38 .\CortexM3\ARM_GCC_541\Debug\CS301_Class.a(USBUART_cdc.o)
                0x000021dc                USBUART_PutChar
 .text.USBUART_CDCIsReady
                0x00002214       0x24 .\CortexM3\ARM_GCC_541\Debug\CS301_Class.a(USBUART_cdc.o)
                0x00002214                USBUART_CDCIsReady
 .text.USBUART_Cdc_EpInit
                0x00002238       0x90 .\CortexM3\ARM_GCC_541\Debug\CS301_Class.a(USBUART_cdc.o)
                0x00002238                USBUART_Cdc_EpInit
 .text.USBUART_EP_0_ISR
                0x000022c8       0xf8 .\CortexM3\ARM_GCC_541\Debug\CS301_Class.a(USBUART_drv.o)
                0x000022c8                USBUART_EP_0_ISR
 .text.USBUART_HandleSetup
                0x000023c0       0x88 .\CortexM3\ARM_GCC_541\Debug\CS301_Class.a(USBUART_drv.o)
                0x000023c0                USBUART_HandleSetup
 .text.USBUART_HandleIN
                0x00002448       0x4c .\CortexM3\ARM_GCC_541\Debug\CS301_Class.a(USBUART_drv.o)
                0x00002448                USBUART_HandleIN
 .text.USBUART_HandleOUT
                0x00002494       0x58 .\CortexM3\ARM_GCC_541\Debug\CS301_Class.a(USBUART_drv.o)
                0x00002494                USBUART_HandleOUT
 .text.USBUART_LoadEP0
                0x000024ec       0xd0 .\CortexM3\ARM_GCC_541\Debug\CS301_Class.a(USBUART_drv.o)
                0x000024ec                USBUART_LoadEP0
 .text.USBUART_InitControlRead
                0x000025bc       0x70 .\CortexM3\ARM_GCC_541\Debug\CS301_Class.a(USBUART_drv.o)
                0x000025bc                USBUART_InitControlRead
 .text.USBUART_InitZeroLengthControlTransfer
                0x0000262c       0x40 .\CortexM3\ARM_GCC_541\Debug\CS301_Class.a(USBUART_drv.o)
                0x0000262c                USBUART_InitZeroLengthControlTransfer
 .text.USBUART_ControlReadDataStage
                0x0000266c        0xc .\CortexM3\ARM_GCC_541\Debug\CS301_Class.a(USBUART_drv.o)
                0x0000266c                USBUART_ControlReadDataStage
 .text.USBUART_ControlReadStatusStage
                0x00002678       0x40 .\CortexM3\ARM_GCC_541\Debug\CS301_Class.a(USBUART_drv.o)
                0x00002678                USBUART_ControlReadStatusStage
 .text.USBUART_InitControlWrite
                0x000026b8       0x64 .\CortexM3\ARM_GCC_541\Debug\CS301_Class.a(USBUART_drv.o)
                0x000026b8                USBUART_InitControlWrite
 .text.USBUART_ControlWriteDataStage
                0x0000271c       0xb4 .\CortexM3\ARM_GCC_541\Debug\CS301_Class.a(USBUART_drv.o)
                0x0000271c                USBUART_ControlWriteDataStage
 .text.USBUART_ControlWriteStatusStage
                0x000027d0       0x24 .\CortexM3\ARM_GCC_541\Debug\CS301_Class.a(USBUART_drv.o)
                0x000027d0                USBUART_ControlWriteStatusStage
 .text.USBUART_InitNoDataControlTransfer
                0x000027f4       0x38 .\CortexM3\ARM_GCC_541\Debug\CS301_Class.a(USBUART_drv.o)
                0x000027f4                USBUART_InitNoDataControlTransfer
 .text.USBUART_NoDataControlStatusStage
                0x0000282c       0x4c .\CortexM3\ARM_GCC_541\Debug\CS301_Class.a(USBUART_drv.o)
                0x0000282c                USBUART_NoDataControlStatusStage
 .text.USBUART_UpdateStatusBlock
                0x00002878       0x40 .\CortexM3\ARM_GCC_541\Debug\CS301_Class.a(USBUART_drv.o)
                0x00002878                USBUART_UpdateStatusBlock
 .text.USBUART_InitializeStatusBlock
                0x000028b8       0x34 .\CortexM3\ARM_GCC_541\Debug\CS301_Class.a(USBUART_drv.o)
                0x000028b8                USBUART_InitializeStatusBlock
 .text.USBUART_EP_1_ISR
                0x000028ec       0x48 .\CortexM3\ARM_GCC_541\Debug\CS301_Class.a(USBUART_episr.o)
                0x000028ec                USBUART_EP_1_ISR
 .text.USBUART_EP_2_ISR
                0x00002934       0x4c .\CortexM3\ARM_GCC_541\Debug\CS301_Class.a(USBUART_episr.o)
                0x00002934                USBUART_EP_2_ISR
 .text.USBUART_EP_3_ISR
                0x00002980       0x54 .\CortexM3\ARM_GCC_541\Debug\CS301_Class.a(USBUART_episr.o)
                0x00002980                USBUART_EP_3_ISR
 .text.USBUART_SOF_ISR
                0x000029d4        0xc .\CortexM3\ARM_GCC_541\Debug\CS301_Class.a(USBUART_episr.o)
                0x000029d4                USBUART_SOF_ISR
 .text.USBUART_BUS_RESET_ISR
                0x000029e0        0xc .\CortexM3\ARM_GCC_541\Debug\CS301_Class.a(USBUART_episr.o)
                0x000029e0                USBUART_BUS_RESET_ISR
 .text.USBUART_DP_ISR
                0x000029ec        0xc .\CortexM3\ARM_GCC_541\Debug\CS301_Class.a(USBUART_pm.o)
                0x000029ec                USBUART_DP_ISR
 .text.USBUART_HandleStandardRqst
                0x000029f8      0x4a4 .\CortexM3\ARM_GCC_541\Debug\CS301_Class.a(USBUART_std.o)
                0x000029f8                USBUART_HandleStandardRqst
 .text.USBUART_ReadDieID
                0x00002e9c       0xd8 .\CortexM3\ARM_GCC_541\Debug\CS301_Class.a(USBUART_std.o)
                0x00002e9c                USBUART_ReadDieID
 .text.USBUART_ConfigReg
                0x00002f74      0x138 .\CortexM3\ARM_GCC_541\Debug\CS301_Class.a(USBUART_std.o)
                0x00002f74                USBUART_ConfigReg
 .text.USBUART_Config
                0x000030ac      0x3a4 .\CortexM3\ARM_GCC_541\Debug\CS301_Class.a(USBUART_std.o)
                0x000030ac                USBUART_Config
 .text.USBUART_ConfigAltChanged
                0x00003450      0x25c .\CortexM3\ARM_GCC_541\Debug\CS301_Class.a(USBUART_std.o)
                0x00003450                USBUART_ConfigAltChanged
 .text.USBUART_GetConfigTablePtr
                0x000036ac       0x50 .\CortexM3\ARM_GCC_541\Debug\CS301_Class.a(USBUART_std.o)
                0x000036ac                USBUART_GetConfigTablePtr
 .text.USBUART_GetDeviceTablePtr
                0x000036fc       0x24 .\CortexM3\ARM_GCC_541\Debug\CS301_Class.a(USBUART_std.o)
                0x000036fc                USBUART_GetDeviceTablePtr
 .text.USBUART_GetInterfaceClassTablePtr
                0x00003720       0x4c .\CortexM3\ARM_GCC_541\Debug\CS301_Class.a(USBUART_std.o)
                0x00003720                USBUART_GetInterfaceClassTablePtr
 .text.USBUART_SetEndpointHalt
                0x0000376c       0xe8 .\CortexM3\ARM_GCC_541\Debug\CS301_Class.a(USBUART_std.o)
                0x0000376c                USBUART_SetEndpointHalt
 .text.USBUART_ClearEndpointHalt
                0x00003854      0x158 .\CortexM3\ARM_GCC_541\Debug\CS301_Class.a(USBUART_std.o)
                0x00003854                USBUART_ClearEndpointHalt
 .text.USBUART_ValidateAlternateSetting
                0x000039ac       0x70 .\CortexM3\ARM_GCC_541\Debug\CS301_Class.a(USBUART_std.o)
                0x000039ac                USBUART_ValidateAlternateSetting
 .text.USBUART_HandleVendorRqst
                0x00003a1c       0x54 .\CortexM3\ARM_GCC_541\Debug\CS301_Class.a(USBUART_vnd.o)
                0x00003a1c                USBUART_HandleVendorRqst
 .text.ADC_SAR_Start
                0x00003a70       0x24 .\CortexM3\ARM_GCC_541\Debug\CS301_Class.a(ADC_SAR.o)
                0x00003a70                ADC_SAR_Start
 .text.ADC_SAR_Init
                0x00003a94       0x2c .\CortexM3\ARM_GCC_541\Debug\CS301_Class.a(ADC_SAR.o)
                0x00003a94                ADC_SAR_Init
 .text.ADC_SAR_Enable
                0x00003ac0       0xc4 .\CortexM3\ARM_GCC_541\Debug\CS301_Class.a(ADC_SAR.o)
                0x00003ac0                ADC_SAR_Enable
 .text.ADC_SAR_SetResolution
                0x00003b84       0x54 .\CortexM3\ARM_GCC_541\Debug\CS301_Class.a(ADC_SAR.o)
                0x00003b84                ADC_SAR_SetResolution
 .text.ADC_SAR_StartConvert
                0x00003bd8       0x20 .\CortexM3\ARM_GCC_541\Debug\CS301_Class.a(ADC_SAR.o)
                0x00003bd8                ADC_SAR_StartConvert
 .text.ADC_SAR_CalcGain
                0x00003bf8       0x7c .\CortexM3\ARM_GCC_541\Debug\CS301_Class.a(ADC_SAR.o)
 .text.ADC_TempBuf_DmaInitialize
                0x00003c74       0x64 .\CortexM3\ARM_GCC_541\Debug\CS301_Class.a(ADC_TempBuf_dma.o)
                0x00003c74                ADC_TempBuf_DmaInitialize
 .text.ADC_FinalBuf_DmaInitialize
                0x00003cd8       0x64 .\CortexM3\ARM_GCC_541\Debug\CS301_Class.a(ADC_FinalBuf_dma.o)
                0x00003cd8                ADC_FinalBuf_DmaInitialize
 .text.ADC_IRQ_SetVector
                0x00003d3c       0x24 .\CortexM3\ARM_GCC_541\Debug\CS301_Class.a(ADC_IRQ.o)
                0x00003d3c                ADC_IRQ_SetVector
 .text.ADC_IRQ_SetPriority
                0x00003d60       0x24 .\CortexM3\ARM_GCC_541\Debug\CS301_Class.a(ADC_IRQ.o)
                0x00003d60                ADC_IRQ_SetPriority
 .text.ADC_IRQ_Enable
                0x00003d84       0x18 .\CortexM3\ARM_GCC_541\Debug\CS301_Class.a(ADC_IRQ.o)
                0x00003d84                ADC_IRQ_Enable
 .text.ADC_IRQ_Disable
                0x00003d9c       0x18 .\CortexM3\ARM_GCC_541\Debug\CS301_Class.a(ADC_IRQ.o)
                0x00003d9c                ADC_IRQ_Disable
 .text.USBUART_Dp_ClearInterrupt
                0x00003db4       0x20 .\CortexM3\ARM_GCC_541\Debug\CS301_Class.a(USBUART_Dp.o)
                0x00003db4                USBUART_Dp_ClearInterrupt
 .text.CyDmacConfigure
                0x00003dd4       0x5c .\CortexM3\ARM_GCC_541\Debug\CS301_Class.a(CyDmac.o)
                0x00003dd4                CyDmacConfigure
 .text.CyDmaChEnable
                0x00003e30       0x8c .\CortexM3\ARM_GCC_541\Debug\CS301_Class.a(CyDmac.o)
                0x00003e30                CyDmaChEnable
 .text.CyDmaClearPendingDrq
                0x00003ebc       0x60 .\CortexM3\ARM_GCC_541\Debug\CS301_Class.a(CyDmac.o)
                0x00003ebc                CyDmaClearPendingDrq
 .text.CyDmaChPriority
                0x00003f1c       0x64 .\CortexM3\ARM_GCC_541\Debug\CS301_Class.a(CyDmac.o)
                0x00003f1c                CyDmaChPriority
 .text.CyDmaChSetExtendedAddress
                0x00003f80       0x78 .\CortexM3\ARM_GCC_541\Debug\CS301_Class.a(CyDmac.o)
                0x00003f80                CyDmaChSetExtendedAddress
 .text.CyDmaChSetInitialTd
                0x00003ff8       0x3c .\CortexM3\ARM_GCC_541\Debug\CS301_Class.a(CyDmac.o)
                0x00003ff8                CyDmaChSetInitialTd
 .text.CyDmaChSetConfiguration
                0x00004034       0xa0 .\CortexM3\ARM_GCC_541\Debug\CS301_Class.a(CyDmac.o)
                0x00004034                CyDmaChSetConfiguration
 .text.CyDmaTdAllocate
                0x000040d4       0x5c .\CortexM3\ARM_GCC_541\Debug\CS301_Class.a(CyDmac.o)
                0x000040d4                CyDmaTdAllocate
 .text.CyDmaTdSetConfiguration
                0x00004130       0x80 .\CortexM3\ARM_GCC_541\Debug\CS301_Class.a(CyDmac.o)
                0x00004130                CyDmaTdSetConfiguration
 .text.CyDmaTdSetAddress
                0x000041b0       0x5c .\CortexM3\ARM_GCC_541\Debug\CS301_Class.a(CyDmac.o)
                0x000041b0                CyDmaTdSetAddress
 .text.CyHalt   0x0000420c       0x18 .\CortexM3\ARM_GCC_541\Debug\CS301_Class.a(CyLib.o)
                0x0000420c                CyHalt
 .text.CyDelay  0x00004224       0x44 .\CortexM3\ARM_GCC_541\Debug\CS301_Class.a(CyLib.o)
                0x00004224                CyDelay
 .text.CyDelayUs
                0x00004268       0x28 .\CortexM3\ARM_GCC_541\Debug\CS301_Class.a(CyLib.o)
                0x00004268                CyDelayUs
 .text.CyIntSetVector
                0x00004290       0x50 .\CortexM3\ARM_GCC_541\Debug\CS301_Class.a(CyLib.o)
                0x00004290                CyIntSetVector
 .text.CyIntSetPriority
                0x000042e0       0x48 .\CortexM3\ARM_GCC_541\Debug\CS301_Class.a(CyLib.o)
                0x000042e0                CyIntSetPriority
 .text.CyGetUniqueId
                0x00004328       0xc4 .\CortexM3\ARM_GCC_541\Debug\CS301_Class.a(CyLib.o)
                0x00004328                CyGetUniqueId
 .text.CySetReg24
                0x000043ec       0x38 .\CortexM3\ARM_GCC_541\Debug\CS301_Class.a(cyutils.o)
                0x000043ec                CySetReg24
 .text.PWM_1_Start
                0x00004424       0x24 .\CortexM3\ARM_GCC_541\Debug\CS301_Class.a(PWM_1.o)
                0x00004424                PWM_1_Start
 .text.PWM_1_Init
                0x00004448       0xbc .\CortexM3\ARM_GCC_541\Debug\CS301_Class.a(PWM_1.o)
                0x00004448                PWM_1_Init
 .text.PWM_1_Enable
                0x00004504       0x48 .\CortexM3\ARM_GCC_541\Debug\CS301_Class.a(PWM_1.o)
                0x00004504                PWM_1_Enable
 .text.PWM_1_WritePeriod
                0x0000454c       0x20 .\CortexM3\ARM_GCC_541\Debug\CS301_Class.a(PWM_1.o)
                0x0000454c                PWM_1_WritePeriod
 .text.PWM_1_WriteCompare
                0x0000456c       0x20 .\CortexM3\ARM_GCC_541\Debug\CS301_Class.a(PWM_1.o)
                0x0000456c                PWM_1_WriteCompare
 .text.PWM_1_SetInterruptMode
                0x0000458c       0x20 .\CortexM3\ARM_GCC_541\Debug\CS301_Class.a(PWM_1.o)
                0x0000458c                PWM_1_SetInterruptMode
 .text.PWM_2_Start
                0x000045ac       0x24 .\CortexM3\ARM_GCC_541\Debug\CS301_Class.a(PWM_2.o)
                0x000045ac                PWM_2_Start
 .text.PWM_2_Init
                0x000045d0       0xbc .\CortexM3\ARM_GCC_541\Debug\CS301_Class.a(PWM_2.o)
                0x000045d0                PWM_2_Init
 .text.PWM_2_Enable
                0x0000468c       0x48 .\CortexM3\ARM_GCC_541\Debug\CS301_Class.a(PWM_2.o)
                0x0000468c                PWM_2_Enable
 .text.PWM_2_WritePeriod
                0x000046d4       0x20 .\CortexM3\ARM_GCC_541\Debug\CS301_Class.a(PWM_2.o)
                0x000046d4                PWM_2_WritePeriod
 .text.PWM_2_WriteCompare
                0x000046f4       0x20 .\CortexM3\ARM_GCC_541\Debug\CS301_Class.a(PWM_2.o)
                0x000046f4                PWM_2_WriteCompare
 .text.PWM_2_SetInterruptMode
                0x00004714       0x20 .\CortexM3\ARM_GCC_541\Debug\CS301_Class.a(PWM_2.o)
                0x00004714                PWM_2_SetInterruptMode
 .text.QuadDec_M1_Init
                0x00004734        0xc .\CortexM3\ARM_GCC_541\Debug\CS301_Class.a(QuadDec_M1.o)
                0x00004734                QuadDec_M1_Init
 .text.QuadDec_M1_Enable
                0x00004740       0x3c .\CortexM3\ARM_GCC_541\Debug\CS301_Class.a(QuadDec_M1.o)
                0x00004740                QuadDec_M1_Enable
 .text.QuadDec_M1_Start
                0x0000477c       0x30 .\CortexM3\ARM_GCC_541\Debug\CS301_Class.a(QuadDec_M1.o)
                0x0000477c                QuadDec_M1_Start
 .text.QuadDec_M1_GetCounter
                0x000047ac       0x24 .\CortexM3\ARM_GCC_541\Debug\CS301_Class.a(QuadDec_M1.o)
                0x000047ac                QuadDec_M1_GetCounter
 .text.QuadDec_M1_SetCounter
                0x000047d0       0x34 .\CortexM3\ARM_GCC_541\Debug\CS301_Class.a(QuadDec_M1.o)
                0x000047d0                QuadDec_M1_SetCounter
 .text.QuadDec_M1_GetEvents
                0x00004804       0x1c .\CortexM3\ARM_GCC_541\Debug\CS301_Class.a(QuadDec_M1.o)
                0x00004804                QuadDec_M1_GetEvents
 .text.QuadDec_M1_SetInterruptMask
                0x00004820       0x20 .\CortexM3\ARM_GCC_541\Debug\CS301_Class.a(QuadDec_M1.o)
                0x00004820                QuadDec_M1_SetInterruptMask
 .text.QuadDec_M2_Init
                0x00004840        0xc .\CortexM3\ARM_GCC_541\Debug\CS301_Class.a(QuadDec_M2.o)
                0x00004840                QuadDec_M2_Init
 .text.QuadDec_M2_Enable
                0x0000484c       0x3c .\CortexM3\ARM_GCC_541\Debug\CS301_Class.a(QuadDec_M2.o)
                0x0000484c                QuadDec_M2_Enable
 .text.QuadDec_M2_Start
                0x00004888       0x30 .\CortexM3\ARM_GCC_541\Debug\CS301_Class.a(QuadDec_M2.o)
                0x00004888                QuadDec_M2_Start
 .text.QuadDec_M2_GetCounter
                0x000048b8       0x24 .\CortexM3\ARM_GCC_541\Debug\CS301_Class.a(QuadDec_M2.o)
                0x000048b8                QuadDec_M2_GetCounter
 .text.QuadDec_M2_SetCounter
                0x000048dc       0x34 .\CortexM3\ARM_GCC_541\Debug\CS301_Class.a(QuadDec_M2.o)
                0x000048dc                QuadDec_M2_SetCounter
 .text.QuadDec_M2_GetEvents
                0x00004910       0x1c .\CortexM3\ARM_GCC_541\Debug\CS301_Class.a(QuadDec_M2.o)
                0x00004910                QuadDec_M2_GetEvents
 .text.QuadDec_M2_SetInterruptMask
                0x0000492c       0x20 .\CortexM3\ARM_GCC_541\Debug\CS301_Class.a(QuadDec_M2.o)
                0x0000492c                QuadDec_M2_SetInterruptMask
 .text.QuadDec_M1_Cnt16_Init
                0x0000494c       0x80 .\CortexM3\ARM_GCC_541\Debug\CS301_Class.a(QuadDec_M1_Cnt16.o)
                0x0000494c                QuadDec_M1_Cnt16_Init
 .text.QuadDec_M1_Cnt16_Enable
                0x000049cc       0x20 .\CortexM3\ARM_GCC_541\Debug\CS301_Class.a(QuadDec_M1_Cnt16.o)
                0x000049cc                QuadDec_M1_Cnt16_Enable
 .text.QuadDec_M1_Cnt16_Start
                0x000049ec       0x24 .\CortexM3\ARM_GCC_541\Debug\CS301_Class.a(QuadDec_M1_Cnt16.o)
                0x000049ec                QuadDec_M1_Cnt16_Start
 .text.QuadDec_M1_Cnt16_SetInterruptMode
                0x00004a10       0x20 .\CortexM3\ARM_GCC_541\Debug\CS301_Class.a(QuadDec_M1_Cnt16.o)
                0x00004a10                QuadDec_M1_Cnt16_SetInterruptMode
 .text.QuadDec_M1_Cnt16_ReadStatusRegister
                0x00004a30       0x18 .\CortexM3\ARM_GCC_541\Debug\CS301_Class.a(QuadDec_M1_Cnt16.o)
                0x00004a30                QuadDec_M1_Cnt16_ReadStatusRegister
 .text.QuadDec_M1_Cnt16_WriteCounter
                0x00004a48       0x20 .\CortexM3\ARM_GCC_541\Debug\CS301_Class.a(QuadDec_M1_Cnt16.o)
                0x00004a48                QuadDec_M1_Cnt16_WriteCounter
 .text.QuadDec_M1_Cnt16_ReadCounter
                0x00004a68       0x20 .\CortexM3\ARM_GCC_541\Debug\CS301_Class.a(QuadDec_M1_Cnt16.o)
                0x00004a68                QuadDec_M1_Cnt16_ReadCounter
 .text.QuadDec_M1_Cnt16_ReadCapture
                0x00004a88       0x18 .\CortexM3\ARM_GCC_541\Debug\CS301_Class.a(QuadDec_M1_Cnt16.o)
                0x00004a88                QuadDec_M1_Cnt16_ReadCapture
 .text.QuadDec_M1_Cnt16_WritePeriod
                0x00004aa0       0x20 .\CortexM3\ARM_GCC_541\Debug\CS301_Class.a(QuadDec_M1_Cnt16.o)
                0x00004aa0                QuadDec_M1_Cnt16_WritePeriod
 .text.QuadDec_M1_Cnt16_WriteCompare
                0x00004ac0       0x20 .\CortexM3\ARM_GCC_541\Debug\CS301_Class.a(QuadDec_M1_Cnt16.o)
                0x00004ac0                QuadDec_M1_Cnt16_WriteCompare
 .text.QuadDec_M1_Cnt16_ClearFIFO
                0x00004ae0       0x1c .\CortexM3\ARM_GCC_541\Debug\CS301_Class.a(QuadDec_M1_Cnt16.o)
                0x00004ae0                QuadDec_M1_Cnt16_ClearFIFO
 .text.QuadDec_M2_Cnt16_Init
                0x00004afc       0x80 .\CortexM3\ARM_GCC_541\Debug\CS301_Class.a(QuadDec_M2_Cnt16.o)
                0x00004afc                QuadDec_M2_Cnt16_Init
 .text.QuadDec_M2_Cnt16_Enable
                0x00004b7c       0x20 .\CortexM3\ARM_GCC_541\Debug\CS301_Class.a(QuadDec_M2_Cnt16.o)
                0x00004b7c                QuadDec_M2_Cnt16_Enable
 .text.QuadDec_M2_Cnt16_Start
                0x00004b9c       0x24 .\CortexM3\ARM_GCC_541\Debug\CS301_Class.a(QuadDec_M2_Cnt16.o)
                0x00004b9c                QuadDec_M2_Cnt16_Start
 .text.QuadDec_M2_Cnt16_SetInterruptMode
                0x00004bc0       0x20 .\CortexM3\ARM_GCC_541\Debug\CS301_Class.a(QuadDec_M2_Cnt16.o)
                0x00004bc0                QuadDec_M2_Cnt16_SetInterruptMode
 .text.QuadDec_M2_Cnt16_ReadStatusRegister
                0x00004be0       0x18 .\CortexM3\ARM_GCC_541\Debug\CS301_Class.a(QuadDec_M2_Cnt16.o)
                0x00004be0                QuadDec_M2_Cnt16_ReadStatusRegister
 .text.QuadDec_M2_Cnt16_WriteCounter
                0x00004bf8       0x20 .\CortexM3\ARM_GCC_541\Debug\CS301_Class.a(QuadDec_M2_Cnt16.o)
                0x00004bf8                QuadDec_M2_Cnt16_WriteCounter
 .text.QuadDec_M2_Cnt16_ReadCounter
                0x00004c18       0x20 .\CortexM3\ARM_GCC_541\Debug\CS301_Class.a(QuadDec_M2_Cnt16.o)
                0x00004c18                QuadDec_M2_Cnt16_ReadCounter
 .text.QuadDec_M2_Cnt16_ReadCapture
                0x00004c38       0x18 .\CortexM3\ARM_GCC_541\Debug\CS301_Class.a(QuadDec_M2_Cnt16.o)
                0x00004c38                QuadDec_M2_Cnt16_ReadCapture
 .text.QuadDec_M2_Cnt16_WritePeriod
                0x00004c50       0x20 .\CortexM3\ARM_GCC_541\Debug\CS301_Class.a(QuadDec_M2_Cnt16.o)
                0x00004c50                QuadDec_M2_Cnt16_WritePeriod
 .text.QuadDec_M2_Cnt16_WriteCompare
                0x00004c70       0x20 .\CortexM3\ARM_GCC_541\Debug\CS301_Class.a(QuadDec_M2_Cnt16.o)
                0x00004c70                QuadDec_M2_Cnt16_WriteCompare
 .text.QuadDec_M2_Cnt16_ClearFIFO
                0x00004c90       0x1c .\CortexM3\ARM_GCC_541\Debug\CS301_Class.a(QuadDec_M2_Cnt16.o)
                0x00004c90                QuadDec_M2_Cnt16_ClearFIFO
 .text.UART_Start
                0x00004cac       0x24 .\CortexM3\ARM_GCC_541\Debug\CS301_Class.a(UART.o)
                0x00004cac                UART_Start
 .text.UART_Init
                0x00004cd0       0x40 .\CortexM3\ARM_GCC_541\Debug\CS301_Class.a(UART.o)
                0x00004cd0                UART_Init
 .text.UART_Enable
                0x00004d10       0x60 .\CortexM3\ARM_GCC_541\Debug\CS301_Class.a(UART.o)
                0x00004d10                UART_Enable
 .text.UART_IntClock_Start
                0x00004d70       0x34 .\CortexM3\ARM_GCC_541\Debug\CS301_Class.a(UART_IntClock.o)
                0x00004d70                UART_IntClock_Start
 .text.RF_BT_SELECT_Write
                0x00004da4       0x20 .\CortexM3\ARM_GCC_541\Debug\CS301_Class.a(RF_BT_SELECT.o)
                0x00004da4                RF_BT_SELECT_Write
 .text.eoc_StartEx
                0x00004dc4       0x24 .\CortexM3\ARM_GCC_541\Debug\CS301_Class.a(eoc.o)
                0x00004dc4                eoc_StartEx
 .text.eoc_SetVector
                0x00004de8       0x24 .\CortexM3\ARM_GCC_541\Debug\CS301_Class.a(eoc.o)
                0x00004de8                eoc_SetVector
 .text.eoc_SetPriority
                0x00004e0c       0x24 .\CortexM3\ARM_GCC_541\Debug\CS301_Class.a(eoc.o)
                0x00004e0c                eoc_SetPriority
 .text.eoc_Enable
                0x00004e30       0x18 .\CortexM3\ARM_GCC_541\Debug\CS301_Class.a(eoc.o)
                0x00004e30                eoc_Enable
 .text.eoc_Disable
                0x00004e48       0x18 .\CortexM3\ARM_GCC_541\Debug\CS301_Class.a(eoc.o)
                0x00004e48                eoc_Disable
 .text.LED_PIN_2_Write
                0x00004e60       0x3c .\CortexM3\ARM_GCC_541\Debug\CS301_Class.a(LED_PIN_2.o)
                0x00004e60                LED_PIN_2_Write
 .text.LED_PIN_3_Write
                0x00004e9c       0x34 .\CortexM3\ARM_GCC_541\Debug\CS301_Class.a(LED_PIN_3.o)
                0x00004e9c                LED_PIN_3_Write
 .text.LED_PIN_4_Write
                0x00004ed0       0x3c .\CortexM3\ARM_GCC_541\Debug\CS301_Class.a(LED_PIN_4.o)
                0x00004ed0                LED_PIN_4_Write
 .text.LED_PIN_1_Write
                0x00004f0c       0x3c .\CortexM3\ARM_GCC_541\Debug\CS301_Class.a(LED_PIN_1.o)
                0x00004f0c                LED_PIN_1_Write
 .text          0x00004f48       0x20 .\CortexM3\ARM_GCC_541\Debug\CS301_Class.a(CyBootAsmGnu.o)
                0x00004f48                CyDelayCycles
                0x00004f58                CyEnterCriticalSection
                0x00004f60                CyExitCriticalSection
 .text.USBUART_DispatchClassRqst
                0x00004f68       0x84 .\CortexM3\ARM_GCC_541\Debug\CS301_Class.a(USBUART_cls.o)
                0x00004f68                USBUART_DispatchClassRqst
 .text          0x00004fec      0x21c c:/program files (x86)/cypress/psoc creator/4.2/psoc creator/import/gnu/arm/5.4.1/bin/../lib/gcc/arm-none-eabi/5.4.1/armv7-m\libgcc.a(_arm_addsubsf3.o)
                0x00004fec                __aeabi_frsub
                0x00004ff4                __subsf3
                0x00004ff4                __aeabi_fsub
                0x00004ff8                __aeabi_fadd
                0x00004ff8                __addsf3
                0x00005158                __aeabi_ui2f
                0x00005158                __floatunsisf
                0x00005160                __aeabi_i2f
                0x00005160                __floatsisf
                0x0000517c                __aeabi_ul2f
                0x0000517c                __floatundisf
                0x0000518c                __aeabi_l2f
                0x0000518c                __floatdisf
 .text          0x00005208      0x2a0 c:/program files (x86)/cypress/psoc creator/4.2/psoc creator/import/gnu/arm/5.4.1/bin/../lib/gcc/arm-none-eabi/5.4.1/armv7-m\libgcc.a(_arm_muldivsf3.o)
                0x00005208                __mulsf3
                0x00005208                __aeabi_fmul
                0x00005370                __aeabi_fdiv
                0x00005370                __divsf3
 .text          0x000054a8       0x4c c:/program files (x86)/cypress/psoc creator/4.2/psoc creator/import/gnu/arm/5.4.1/bin/../lib/gcc/arm-none-eabi/5.4.1/armv7-m\libgcc.a(_arm_fixsfsi.o)
                0x000054a8                __aeabi_f2iz
                0x000054a8                __fixsfsi
 .text.__errno  0x000054f4        0xc c:/program files (x86)/cypress/psoc creator/4.2/psoc creator/import/gnu/arm/5.4.1/bin/../lib/gcc/arm-none-eabi/5.4.1/../../../../arm-none-eabi/lib/armv7-m\libg_nano.a(lib_a-errno.o)
                0x000054f4                __errno
 .text.__libc_init_array
                0x00005500       0x4c c:/program files (x86)/cypress/psoc creator/4.2/psoc creator/import/gnu/arm/5.4.1/bin/../lib/gcc/arm-none-eabi/5.4.1/../../../../arm-none-eabi/lib/armv7-m\libg_nano.a(lib_a-init.o)
                0x00005500                __libc_init_array
 .text.memcpy   0x0000554c       0x16 c:/program files (x86)/cypress/psoc creator/4.2/psoc creator/import/gnu/arm/5.4.1/bin/../lib/gcc/arm-none-eabi/5.4.1/../../../../arm-none-eabi/lib/armv7-m\libg_nano.a(lib_a-memcpy-stub.o)
                0x0000554c                memcpy
 .text.memset   0x00005562       0x10 c:/program files (x86)/cypress/psoc creator/4.2/psoc creator/import/gnu/arm/5.4.1/bin/../lib/gcc/arm-none-eabi/5.4.1/../../../../arm-none-eabi/lib/armv7-m\libg_nano.a(lib_a-memset.o)
                0x00005562                memset
 *fill*         0x00005572        0x2 
 .text.snprintf
                0x00005574       0x64 c:/program files (x86)/cypress/psoc creator/4.2/psoc creator/import/gnu/arm/5.4.1/bin/../lib/gcc/arm-none-eabi/5.4.1/../../../../arm-none-eabi/lib/armv7-m\libg_nano.a(lib_a-snprintf.o)
                0x00005574                sniprintf
                0x00005574                snprintf
 .text          0x000055d8       0x10 c:/program files (x86)/cypress/psoc creator/4.2/psoc creator/import/gnu/arm/5.4.1/bin/../lib/gcc/arm-none-eabi/5.4.1/../../../../arm-none-eabi/lib/armv7-m\libg_nano.a(lib_a-strlen.o)
                0x000055d8                strlen
 .text.__ssputs_r
                0x000055e8       0xb2 c:/program files (x86)/cypress/psoc creator/4.2/psoc creator/import/gnu/arm/5.4.1/bin/../lib/gcc/arm-none-eabi/5.4.1/../../../../arm-none-eabi/lib/armv7-m\libg_nano.a(lib_a-nano-svfprintf.o)
                0x000055e8                __ssputs_r
 *fill*         0x0000569a        0x2 
 .text._svfprintf_r
                0x0000569c      0x1e8 c:/program files (x86)/cypress/psoc creator/4.2/psoc creator/import/gnu/arm/5.4.1/bin/../lib/gcc/arm-none-eabi/5.4.1/../../../../arm-none-eabi/lib/armv7-m\libg_nano.a(lib_a-nano-svfprintf.o)
                0x0000569c                _svfiprintf_r
                0x0000569c                _svfprintf_r
 .text._printf_common
                0x00005884       0xec c:/program files (x86)/cypress/psoc creator/4.2/psoc creator/import/gnu/arm/5.4.1/bin/../lib/gcc/arm-none-eabi/5.4.1/../../../../arm-none-eabi/lib/armv7-m\libg_nano.a(lib_a-nano-vfprintf_i.o)
                0x00005884                _printf_common
 .text._printf_i
                0x00005970      0x24c c:/program files (x86)/cypress/psoc creator/4.2/psoc creator/import/gnu/arm/5.4.1/bin/../lib/gcc/arm-none-eabi/5.4.1/../../../../arm-none-eabi/lib/armv7-m\libg_nano.a(lib_a-nano-vfprintf_i.o)
                0x00005970                _printf_i
 .text.memchr   0x00005bbc       0x1c c:/program files (x86)/cypress/psoc creator/4.2/psoc creator/import/gnu/arm/5.4.1/bin/../lib/gcc/arm-none-eabi/5.4.1/../../../../arm-none-eabi/lib/armv7-m\libg_nano.a(lib_a-memchr-stub.o)
                0x00005bbc                memchr
 .text.memmove  0x00005bd8       0x36 c:/program files (x86)/cypress/psoc creator/4.2/psoc creator/import/gnu/arm/5.4.1/bin/../lib/gcc/arm-none-eabi/5.4.1/../../../../arm-none-eabi/lib/armv7-m\libg_nano.a(lib_a-memmove.o)
                0x00005bd8                memmove
 *fill*         0x00005c0e        0x2 
 .text._free_r  0x00005c10       0x98 c:/program files (x86)/cypress/psoc creator/4.2/psoc creator/import/gnu/arm/5.4.1/bin/../lib/gcc/arm-none-eabi/5.4.1/../../../../arm-none-eabi/lib/armv7-m\libg_nano.a(lib_a-nano-freer.o)
                0x00005c10                _free_r
 .text._malloc_r
                0x00005ca8       0xbc c:/program files (x86)/cypress/psoc creator/4.2/psoc creator/import/gnu/arm/5.4.1/bin/../lib/gcc/arm-none-eabi/5.4.1/../../../../arm-none-eabi/lib/armv7-m\libg_nano.a(lib_a-nano-mallocr.o)
                0x00005ca8                _malloc_r
 .text._realloc_r
                0x00005d64       0x4c c:/program files (x86)/cypress/psoc creator/4.2/psoc creator/import/gnu/arm/5.4.1/bin/../lib/gcc/arm-none-eabi/5.4.1/../../../../arm-none-eabi/lib/armv7-m\libg_nano.a(lib_a-nano-reallocr.o)
                0x00005d64                _realloc_r
 .text._sbrk_r  0x00005db0       0x20 c:/program files (x86)/cypress/psoc creator/4.2/psoc creator/import/gnu/arm/5.4.1/bin/../lib/gcc/arm-none-eabi/5.4.1/../../../../arm-none-eabi/lib/armv7-m\libg_nano.a(lib_a-sbrkr.o)
                0x00005db0                _sbrk_r
 .text.__malloc_lock
                0x00005dd0        0x2 c:/program files (x86)/cypress/psoc creator/4.2/psoc creator/import/gnu/arm/5.4.1/bin/../lib/gcc/arm-none-eabi/5.4.1/../../../../arm-none-eabi/lib/armv7-m\libg_nano.a(lib_a-mlock.o)
                0x00005dd0                __malloc_lock
 .text.__malloc_unlock
                0x00005dd2        0x2 c:/program files (x86)/cypress/psoc creator/4.2/psoc creator/import/gnu/arm/5.4.1/bin/../lib/gcc/arm-none-eabi/5.4.1/../../../../arm-none-eabi/lib/armv7-m\libg_nano.a(lib_a-mlock.o)
                0x00005dd2                __malloc_unlock
 .text._malloc_usable_size_r
                0x00005dd4       0x14 c:/program files (x86)/cypress/psoc creator/4.2/psoc creator/import/gnu/arm/5.4.1/bin/../lib/gcc/arm-none-eabi/5.4.1/../../../../arm-none-eabi/lib/armv7-m\libg_nano.a(lib_a-nano-msizer.o)
                0x00005dd4                _malloc_usable_size_r
 *(.plt)
 *(.gnu.warning)
 *(.glue_7t)
 .glue_7t       0x00005de8        0x0 linker stubs
 *(.glue_7)
 .glue_7        0x00005de8        0x0 linker stubs
 *(.vfp11_veneer)
 .vfp11_veneer  0x00005de8        0x0 linker stubs
 *(.bootloader)
 *(.ARM.extab* .gnu.linkonce.armextab.*)
 *(.gcc_except_table)

.v4_bx          0x00005de8        0x0
 .v4_bx         0x00005de8        0x0 linker stubs

.iplt           0x00005de8        0x0
 .iplt          0x00005de8        0x0 c:/program files (x86)/cypress/psoc creator/4.2/psoc creator/import/gnu/arm/5.4.1/bin/../lib/gcc/arm-none-eabi/5.4.1/armv7-m/crtbegin.o

.eh_frame_hdr
 *(.eh_frame_hdr)

.eh_frame       0x00005de8        0x4
 *(.eh_frame)
 .eh_frame      0x00005de8        0x0 c:/program files (x86)/cypress/psoc creator/4.2/psoc creator/import/gnu/arm/5.4.1/bin/../lib/gcc/arm-none-eabi/5.4.1/armv7-m/crtbegin.o
 .eh_frame      0x00005de8        0x4 c:/program files (x86)/cypress/psoc creator/4.2/psoc creator/import/gnu/arm/5.4.1/bin/../lib/gcc/arm-none-eabi/5.4.1/armv7-m/crtend.o
                [!provide]                PROVIDE (__exidx_start, .)

.ARM.exidx
 *(.ARM.exidx* .gnu.linkonce.armexidx.*)
                0x00005dec                __exidx_end = .

.rodata         0x00005dec      0x2a4
 *(.rodata .rodata.* .gnu.linkonce.r.*)
 .rodata        0x00005dec       0x4f .\CortexM3\ARM_GCC_541\Debug\main.o
 *fill*         0x00005e3b        0x1 
 .rodata        0x00005e3c       0x36 .\CortexM3\ARM_GCC_541\Debug\cyfitter_cfg.o
 *fill*         0x00005e72        0x2 
 .rodata        0x00005e74       0x11 .\CortexM3\ARM_GCC_541\Debug\CS301_Class.a(USBUART_std.o)
 *fill*         0x00005e85        0x3 
 .rodata        0x00005e88      0x19c .\CortexM3\ARM_GCC_541\Debug\CS301_Class.a(USBUART_descr.o)
                0x00005e88                USBUART_DEVICE0_DESCR
                0x00005e9c                USBUART_DEVICE0_CONFIGURATION0_DESCR
                0x00005ee0                USBUART_STRING_DESCRIPTORS
                0x00005f80                USBUART_SN_STRING_DESCRIPTOR
                0x00005f84                USBUART_DEVICE0_CONFIGURATION0_EP_SETTINGS_TABLE
                0x00005f9c                USBUART_DEVICE0_CONFIGURATION0_INTERFACE_CLASS
                0x00005fa0                USBUART_DEVICE0_CONFIGURATION0_TABLE
                0x00005fc8                USBUART_DEVICE0_TABLE
                0x00005fe0                USBUART_TABLE
                0x00005fe8                USBUART_MSOS_DESCRIPTOR
                0x00005ffc                USBUART_MSOS_CONFIGURATION_DESCR
 .rodata.str1.1
                0x00006024        0x2 c:/program files (x86)/cypress/psoc creator/4.2/psoc creator/import/gnu/arm/5.4.1/bin/../lib/gcc/arm-none-eabi/5.4.1/../../../../arm-none-eabi/lib/armv7-m\libg_nano.a(lib_a-impure.o)
 .rodata.str1.1
                0x00006026       0x11 c:/program files (x86)/cypress/psoc creator/4.2/psoc creator/import/gnu/arm/5.4.1/bin/../lib/gcc/arm-none-eabi/5.4.1/../../../../arm-none-eabi/lib/armv7-m\libg_nano.a(lib_a-nano-svfprintf.o)
 .rodata.str1.1
                0x00006037       0x22 c:/program files (x86)/cypress/psoc creator/4.2/psoc creator/import/gnu/arm/5.4.1/bin/../lib/gcc/arm-none-eabi/5.4.1/../../../../arm-none-eabi/lib/armv7-m\libg_nano.a(lib_a-nano-vfprintf_i.o)
                0x0000605c                . = ALIGN (0x4)
 *fill*         0x00006059        0x3 
 *(.init)
 .init          0x0000605c        0x4 c:/program files (x86)/cypress/psoc creator/4.2/psoc creator/import/gnu/arm/5.4.1/bin/../lib/gcc/arm-none-eabi/5.4.1/armv7-m/crti.o
                0x0000605c                _init
 .init          0x00006060        0x8 c:/program files (x86)/cypress/psoc creator/4.2/psoc creator/import/gnu/arm/5.4.1/bin/../lib/gcc/arm-none-eabi/5.4.1/armv7-m/crtn.o
                0x00006068                . = ALIGN (0x4)
                0x00006068                __preinit_array_start = .
 *(.preinit_array)
                0x00006068                __preinit_array_end = .
                0x00006068                . = ALIGN (0x4)
                0x00006068                __init_array_start = .
 *(SORT(.init_array.*))
 *(.init_array)
 .init_array    0x00006068        0x4 c:/program files (x86)/cypress/psoc creator/4.2/psoc creator/import/gnu/arm/5.4.1/bin/../lib/gcc/arm-none-eabi/5.4.1/armv7-m/crtbegin.o
 .init_array    0x0000606c        0x4 .\CortexM3\ARM_GCC_541\Debug\Cm3Start.o
                0x00006070                __init_array_end = .
                0x00006070                . = ALIGN (0x4)
 *(.fini)
 .fini          0x00006070        0x4 c:/program files (x86)/cypress/psoc creator/4.2/psoc creator/import/gnu/arm/5.4.1/bin/../lib/gcc/arm-none-eabi/5.4.1/armv7-m/crti.o
                0x00006070                _fini
 .fini          0x00006074        0x8 c:/program files (x86)/cypress/psoc creator/4.2/psoc creator/import/gnu/arm/5.4.1/bin/../lib/gcc/arm-none-eabi/5.4.1/armv7-m/crtn.o
                0x0000607c                . = ALIGN (0x4)
                0x0000607c                __fini_array_start = .
 *(.fini_array)
 .fini_array    0x0000607c        0x4 c:/program files (x86)/cypress/psoc creator/4.2/psoc creator/import/gnu/arm/5.4.1/bin/../lib/gcc/arm-none-eabi/5.4.1/armv7-m/crtbegin.o
 *(SORT(.fini_array.*))
                0x00006080                __fini_array_end = .
                0x00006080                . = ALIGN (0x4)
 *crtbegin.o(.ctors)
 *(EXCLUDE_FILE(*crtend.o) .ctors)
 *(SORT(.ctors.*))
 *crtend.o(.ctors)
                0x00006080                . = ALIGN (0x4)
 *crtbegin.o(.dtors)
 *(EXCLUDE_FILE(*crtend.o) .dtors)
 *(SORT(.dtors.*))
 *crtend.o(.dtors)
                0x00006080                . = ALIGN (0x4)
                0x00006080                __cy_regions = .
                0x00006080        0x4 LONG 0x6090 __cy_region_init_ram
                0x00006084        0x4 LONG 0x1fff80c8 __cy_region_start_data
                0x00006088        0x4 LONG 0x238 __cy_region_init_size_ram
                0x0000608c        0x4 LONG 0x6060 __cy_region_zero_size_ram
                0x00006090                __cy_regions_end = .
                0x00006090                . = ALIGN (0x8)
                0x00006090                _etext = .

.cy_checksum_exclude
                0x00006090        0x0
 *(.cy_checksum_exclude)

.ramvectors     0x1fff8000       0xc0
                0x1fff8000                __cy_region_start_ram = .
 *(.ramvectors)
 .ramvectors    0x1fff8000       0xc0 .\CortexM3\ARM_GCC_541\Debug\Cm3Start.o
                0x1fff8000                CyRamVectors

.noinit         0x1fff80c0        0x5
 *(.noinit)
 .noinit        0x1fff80c0        0x4 .\CortexM3\ARM_GCC_541\Debug\Cm3Start.o
 .noinit        0x1fff80c4        0x1 .\CortexM3\ARM_GCC_541\Debug\CS301_Class.a(CyLib.o)
                0x1fff80c4                CyResetStatus

.data           0x1fff80c8      0x238 load address 0x00006090
                0x1fff80c8                __cy_region_start_data = .
 *(.jcr)
 .jcr           0x1fff80c8        0x0 c:/program files (x86)/cypress/psoc creator/4.2/psoc creator/import/gnu/arm/5.4.1/bin/../lib/gcc/arm-none-eabi/5.4.1/armv7-m/crtbegin.o
 .jcr           0x1fff80c8        0x4 c:/program files (x86)/cypress/psoc creator/4.2/psoc creator/import/gnu/arm/5.4.1/bin/../lib/gcc/arm-none-eabi/5.4.1/armv7-m/crtend.o
 *(.got.plt)
 *(.got)
 *(.shdata)
 *(.data .data.* .gnu.linkonce.d.*)
 .data          0x1fff80cc       0x54 .\CortexM3\ARM_GCC_541\Debug\main.o
                0x1fff80cc                flag_rf_transmission_active
                0x1fff80d0                displaystring
                0x1fff8110                TARGET_SPEED
                0x1fff8114                restoring
                0x1fff8118                turningCount
                0x1fff811c                shouldUpdate
 .data          0x1fff8120        0x8 .\CortexM3\ARM_GCC_541\Debug\motors.o
                0x1fff8120                currentFLeftSpeed
                0x1fff8124                currentFRightSpeed
 .data          0x1fff8128      0x138 .\CortexM3\ARM_GCC_541\Debug\pathfind.o
                0x1fff8128                map
                0x1fff8248                start_pos
                0x1fff824c                food_list
                0x1fff8258                startPos
 .data          0x1fff8260        0x4 .\CortexM3\ARM_GCC_541\Debug\Cm3Start.o
 .data          0x1fff8264        0x2 .\CortexM3\ARM_GCC_541\Debug\CS301_Class.a(ADC.o)
 *fill*         0x1fff8266        0x2 
 .data          0x1fff8268       0x1a .\CortexM3\ARM_GCC_541\Debug\CS301_Class.a(USBUART_cdc.o)
                0x1fff8268                USBUART_linesCoding
 .data          0x1fff8282        0x1 .\CortexM3\ARM_GCC_541\Debug\CS301_Class.a(ADC_TempBuf_dma.o)
                0x1fff8282                ADC_TempBuf_DmaHandle
 .data          0x1fff8283        0x1 .\CortexM3\ARM_GCC_541\Debug\CS301_Class.a(ADC_FinalBuf_dma.o)
                0x1fff8283                ADC_FinalBuf_DmaHandle
 .data          0x1fff8284        0x8 .\CortexM3\ARM_GCC_541\Debug\CS301_Class.a(CyDmac.o)
 .data          0x1fff828c       0x10 .\CortexM3\ARM_GCC_541\Debug\CS301_Class.a(CyLib.o)
                0x1fff828c                cydelay_freq_hz
                0x1fff8290                cydelay_freq_khz
                0x1fff8294                cydelay_freq_mhz
                0x1fff8298                cydelay_32k_ms
 .data.impure_data
                0x1fff829c       0x60 c:/program files (x86)/cypress/psoc creator/4.2/psoc creator/import/gnu/arm/5.4.1/bin/../lib/gcc/arm-none-eabi/5.4.1/../../../../arm-none-eabi/lib/armv7-m\libg_nano.a(lib_a-impure.o)
 .data._impure_ptr
                0x1fff82fc        0x4 c:/program files (x86)/cypress/psoc creator/4.2/psoc creator/import/gnu/arm/5.4.1/bin/../lib/gcc/arm-none-eabi/5.4.1/../../../../arm-none-eabi/lib/armv7-m\libg_nano.a(lib_a-impure.o)
                0x1fff82fc                _impure_ptr
                0x1fff8300                . = ALIGN (0x8)
 *(.ram)
                0x1fff8300                _edata = .

.igot.plt       0x1fff8300        0x0 load address 0x000062c8
 .igot.plt      0x1fff8300        0x0 c:/program files (x86)/cypress/psoc creator/4.2/psoc creator/import/gnu/arm/5.4.1/bin/../lib/gcc/arm-none-eabi/5.4.1/armv7-m/crtbegin.o

.bss            0x1fff8300     0x6060 load address 0x000062c8
                0x1fff8300                PROVIDE (__bss_start__, .)
 *(.shbss)
 *(.bss .bss.* .gnu.linkonce.b.*)
 .bss           0x1fff8300       0x1c c:/program files (x86)/cypress/psoc creator/4.2/psoc creator/import/gnu/arm/5.4.1/bin/../lib/gcc/arm-none-eabi/5.4.1/armv7-m/crtbegin.o
 .bss           0x1fff831c       0x5c .\CortexM3\ARM_GCC_541\Debug\main.o
                0x1fff831c                ts
                0x1fff831e                ts_enc
                0x1fff8320                ts_update
                0x1fff8322                ts_speed
                0x1fff8324                ts_display
                0x1fff8326                flag_ts_enc
                0x1fff8327                flag_ts_update
                0x1fff8328                flag_ts_speed
                0x1fff8329                flag_ts_display
                0x1fff832a                flag_rx
                0x1fff832b                flag_packet
                0x1fff832c                flag_KB_string
                0x1fff832d                dataready_flag
                0x1fff8330                turningDirection
                0x1fff8334                dotsTravelled
                0x1fff8338                flag
                0x1fff833c                count
                0x1fff8340                turningLeft
                0x1fff8344                turningRight
                0x1fff8348                lastVeerDirection
                0x1fff834c                motorFlag
                0x1fff8350                step
                0x1fff8354                distanceTravelled
                0x1fff8358                distancePerSecondL
                0x1fff835c                distancePerSecondR
                0x1fff8360                distancePerSecondAvg
                0x1fff8364                prevTurnState
                0x1fff8368                turnState
                0x1fff836c                turnEnable
                0x1fff8370                turnTimer
                0x1fff8374                lastAdjustDirection
 .bss           0x1fff8378        0xc .\CortexM3\ARM_GCC_541\Debug\pathfind.o
                0x1fff8378                instructionCounter
                0x1fff837c                distanceCounter
                0x1fff8380                squaresCounter
 .bss           0x1fff8384       0x14 .\CortexM3\ARM_GCC_541\Debug\CS301_Class.a(ADC.o)
                0x1fff8384                ADC_initVar
 .bss           0x1fff8398        0x1 .\CortexM3\ARM_GCC_541\Debug\CS301_Class.a(Timer_TS.o)
                0x1fff8398                Timer_TS_initVar
 .bss           0x1fff8399        0x1 .\CortexM3\ARM_GCC_541\Debug\CS301_Class.a(USBUART.o)
                0x1fff8399                USBUART_initVar
 .bss           0x1fff839a        0x1 .\CortexM3\ARM_GCC_541\Debug\CS301_Class.a(USBUART_cdc.o)
 *fill*         0x1fff839b        0x1 
 .bss           0x1fff839c        0x2 .\CortexM3\ARM_GCC_541\Debug\CS301_Class.a(USBUART_std.o)
 .bss           0x1fff839e        0x1 .\CortexM3\ARM_GCC_541\Debug\CS301_Class.a(ADC_SAR.o)
                0x1fff839e                ADC_SAR_initVar
 .bss           0x1fff839f        0x1 .\CortexM3\ARM_GCC_541\Debug\CS301_Class.a(PWM_1.o)
                0x1fff839f                PWM_1_initVar
 .bss           0x1fff83a0        0x1 .\CortexM3\ARM_GCC_541\Debug\CS301_Class.a(PWM_2.o)
                0x1fff83a0                PWM_2_initVar
 .bss           0x1fff83a1        0x1 .\CortexM3\ARM_GCC_541\Debug\CS301_Class.a(QuadDec_M1.o)
                0x1fff83a1                QuadDec_M1_initVar
 .bss           0x1fff83a2        0x1 .\CortexM3\ARM_GCC_541\Debug\CS301_Class.a(QuadDec_M2.o)
                0x1fff83a2                QuadDec_M2_initVar
 .bss           0x1fff83a3        0x1 .\CortexM3\ARM_GCC_541\Debug\CS301_Class.a(QuadDec_M1_Cnt16.o)
                0x1fff83a3                QuadDec_M1_Cnt16_initVar
 .bss           0x1fff83a4        0x1 .\CortexM3\ARM_GCC_541\Debug\CS301_Class.a(QuadDec_M2_Cnt16.o)
                0x1fff83a4                QuadDec_M2_Cnt16_initVar
 .bss           0x1fff83a5        0x2 .\CortexM3\ARM_GCC_541\Debug\CS301_Class.a(UART.o)
                0x1fff83a5                UART_initVar
 *fill*         0x1fff83a7        0x1 
 .bss.__malloc_sbrk_start
                0x1fff83a8        0x4 c:/program files (x86)/cypress/psoc creator/4.2/psoc creator/import/gnu/arm/5.4.1/bin/../lib/gcc/arm-none-eabi/5.4.1/../../../../arm-none-eabi/lib/armv7-m\libg_nano.a(lib_a-nano-mallocr.o)
                0x1fff83a8                __malloc_sbrk_start
 .bss.__malloc_free_list
                0x1fff83ac        0x4 c:/program files (x86)/cypress/psoc creator/4.2/psoc creator/import/gnu/arm/5.4.1/bin/../lib/gcc/arm-none-eabi/5.4.1/../../../../arm-none-eabi/lib/armv7-m\libg_nano.a(lib_a-nano-mallocr.o)
                0x1fff83ac                __malloc_free_list
 *(COMMON)
 COMMON         0x1fff83b0     0x5ebc .\CortexM3\ARM_GCC_541\Debug\main.o
                0x1fff83b0                entry
                0x1fff83f0                valuesRightLine
                0x1fff9390                v2R
                0x1fff9394                system_state
                0x1fff93b4                valuesLeftIntersection
                0x1fffa354                line
                0x1fffa394                v1R
                0x1fffa398                usbBuffer
                0x1fffa3d8                numRotationsL
                0x1fffa3dc                v2L
                0x1fffa3e0                valuesTurnComplete
                0x1fffb380                turnCount
                0x1fffb384                valuesLeftLine
                0x1fffc324                valuesMiddleLine
                0x1fffd2c4                v1L
                0x1fffd2c8                valuesRightIntersection
                0x1fffe268                numRotationsR
 COMMON         0x1fffe26c        0xc .\CortexM3\ARM_GCC_541\Debug\CS301_Class.a(ADC.o)
                0x1fffe26c                ADC_finalArray
 COMMON         0x1fffe278       0x18 .\CortexM3\ARM_GCC_541\Debug\CS301_Class.a(USBUART_cdc.o)
                0x1fffe278                USBUART_linesChanged
                0x1fffe27c                USBUART_cdcDataInEp
                0x1fffe280                USBUART_cdcCommInInterruptEp
                0x1fffe284                USBUART_cdcDataOutEp
                0x1fffe288                USBUART_serialStateBitmap
                0x1fffe28c                USBUART_linesControlBitmap
 COMMON         0x1fffe290       0x9a .\CortexM3\ARM_GCC_541\Debug\CS301_Class.a(USBUART_drv.o)
                0x1fffe290                USBUART_lastPacketSize
                0x1fffe291                USBUART_device
                0x1fffe292                USBUART_transferByteCount
                0x1fffe294                USBUART_transferState
                0x1fffe298                USBUART_interfaceSettingLast
                0x1fffe29c                USBUART_currentTD
                0x1fffe2a8                USBUART_interfaceNumber
                0x1fffe2ac                USBUART_interfaceClass
                0x1fffe2b0                USBUART_configurationChanged
                0x1fffe2b1                USBUART_ep0Mode
                0x1fffe2b2                USBUART_deviceAddress
                0x1fffe2b3                USBUART_configuration
                0x1fffe2b4                USBUART_ep0Count
                0x1fffe2b5                USBUART_deviceStatus
                0x1fffe2b8                USBUART_EP
                0x1fffe324                USBUART_interfaceSetting
                0x1fffe326                USBUART_ep0Toggle
                0x1fffe328                USBUART_interfaceStatus
 *fill*         0x1fffe32a        0x2 
 COMMON         0x1fffe32c        0xa .\CortexM3\ARM_GCC_541\Debug\CS301_Class.a(ADC_SAR.o)
                0x1fffe32c                ADC_SAR_countsPerVolt
                0x1fffe32e                ADC_SAR_shift
                0x1fffe330                ADC_SAR_countsPer10Volt
                0x1fffe334                ADC_SAR_offset
 *fill*         0x1fffe336        0x2 
 COMMON         0x1fffe338       0x22 .\CortexM3\ARM_GCC_541\Debug\CS301_Class.a(USBUART_descr.o)
                0x1fffe338                USBUART_idSerialNumberStringDescriptor
 *fill*         0x1fffe35a        0x2 
 COMMON         0x1fffe35c        0x4 c:/program files (x86)/cypress/psoc creator/4.2/psoc creator/import/gnu/arm/5.4.1/bin/../lib/gcc/arm-none-eabi/5.4.1/../../../../arm-none-eabi/lib/armv7-m\libg_nano.a(lib_a-reent.o)
                0x1fffe35c                errno
                0x1fffe360                . = ALIGN (0x8)
 *(.ram.b)
                0x1fffe360                _end = .
                0x1fffe360                __end = .
                0x1fffe360                PROVIDE (end, .)
                0x1fffe360                PROVIDE (__bss_end__, .)
                0x00006090                __cy_region_init_ram = LOADADDR (.data)
                0x00000238                __cy_region_init_size_ram = (_edata - ADDR (.data))
                0x00006060                __cy_region_zero_size_ram = (_end - _edata)

.heap           0x1fffe360       0x80 load address 0x000062c8
                0x1fffe360                . = _end
                0x1fffe3e0                . = (. + 0x80)
 *fill*         0x1fffe360       0x80 
                0x1fffe3e0                __cy_heap_limit = .

.stack          0x20007800      0x800
                0x20007800                __cy_stack_limit = .
                0x20008000                . = (. + 0x800)
 *fill*         0x20007800      0x800 
                0x00000001                ASSERT ((__cy_stack_limit >= __cy_heap_limit), region RAM overflowed with stack)
                0x00000000                cy_checksum_exclude_size = (CY_APPL_LOADABLE == 0x1)?SIZEOF (.cy_checksum_exclude):0x0
                0x00000001                ASSERT ((cy_checksum_exclude_size <= CY_CHECKSUM_EXCLUDE_SIZE), CY_BOOT: Section .cy_checksum_exclude size exceedes specified limit.)

.cyloadermeta
 *(.cyloadermeta)

.cyloadablemeta
 *(.cyloadablemeta)

.cyconfigecc    0x80000000     0x105c
 *(.cyconfigecc)
 .cyconfigecc   0x80000000     0x105c .\CortexM3\ARM_GCC_541\Debug\cymetadata.o
                0x80000000                cy_meta_configecc

.cycustnvl      0x90000000        0x4
 *(.cycustnvl)
 .cycustnvl     0x90000000        0x4 .\CortexM3\ARM_GCC_541\Debug\cymetadata.o
                0x90000000                cy_meta_custnvl

.cywolatch      0x90100000        0x4
 *(.cywolatch)
 .cywolatch     0x90100000        0x4 .\CortexM3\ARM_GCC_541\Debug\cymetadata.o
                0x90100000                cy_meta_wonvl

.cyeeprom       0x90200000        0x0
 *(.cyeeprom)
                0x00000001                ASSERT ((. <= ((0x90200000 + ee_offset) + ee_size)), .cyeeprom data will not fit in EEPROM)

.cyflashprotect
                0x90400000      0x100
 *(.cyflashprotect)
 .cyflashprotect
                0x90400000      0x100 .\CortexM3\ARM_GCC_541\Debug\cymetadata.o
                0x90400000                cy_meta_flashprotect

.cymeta         0x90500000        0xc
 *(.cymeta)
 .cymeta        0x90500000        0xc .\CortexM3\ARM_GCC_541\Debug\cymetadata.o
                0x90500000                cy_metadata

.rel.dyn        0x000062c8        0x0 load address 0x9050000c
 .rel.iplt      0x000062c8        0x0 c:/program files (x86)/cypress/psoc creator/4.2/psoc creator/import/gnu/arm/5.4.1/bin/../lib/gcc/arm-none-eabi/5.4.1/armv7-m/crtbegin.o

.stab
 *(.stab)

.stabstr
 *(.stabstr)

.debug
 *(.debug)

.line
 *(.line)

.debug_srcinfo
 *(.debug_srcinfo)

.debug_sfnames
 *(.debug_sfnames)

.debug_aranges  0x00000000     0x1430
 *(.debug_aranges)
 .debug_aranges
                0x00000000       0x40 .\CortexM3\ARM_GCC_541\Debug\main.o
 .debug_aranges
                0x00000040       0x28 .\CortexM3\ARM_GCC_541\Debug\tacho.o
 .debug_aranges
                0x00000068       0x90 .\CortexM3\ARM_GCC_541\Debug\motors.o
 .debug_aranges
                0x000000f8       0x28 .\CortexM3\ARM_GCC_541\Debug\pathfind.o
 .debug_aranges
                0x00000120       0x60 .\CortexM3\ARM_GCC_541\Debug\cyfitter_cfg.o
 .debug_aranges
                0x00000180       0x18 .\CortexM3\ARM_GCC_541\Debug\cymetadata.o
 .debug_aranges
                0x00000198       0x48 .\CortexM3\ARM_GCC_541\Debug\Cm3Start.o
 .debug_aranges
                0x000001e0       0xa0 .\CortexM3\ARM_GCC_541\Debug\CS301_Class.a(ADC.o)
 .debug_aranges
                0x00000280       0x20 .\CortexM3\ARM_GCC_541\Debug\CS301_Class.a(ADC_INT.o)
 .debug_aranges
                0x000002a0       0x80 .\CortexM3\ARM_GCC_541\Debug\CS301_Class.a(isr_TS.o)
 .debug_aranges
                0x00000320       0x90 .\CortexM3\ARM_GCC_541\Debug\CS301_Class.a(Timer_TS.o)
 .debug_aranges
                0x000003b0       0xc8 .\CortexM3\ARM_GCC_541\Debug\CS301_Class.a(USBUART.o)
 .debug_aranges
                0x00000478       0xe8 .\CortexM3\ARM_GCC_541\Debug\CS301_Class.a(USBUART_cdc.o)
 .debug_aranges
                0x00000560       0x98 .\CortexM3\ARM_GCC_541\Debug\CS301_Class.a(USBUART_drv.o)
 .debug_aranges
                0x000005f8       0x40 .\CortexM3\ARM_GCC_541\Debug\CS301_Class.a(USBUART_episr.o)
 .debug_aranges
                0x00000638       0x40 .\CortexM3\ARM_GCC_541\Debug\CS301_Class.a(USBUART_pm.o)
 .debug_aranges
                0x00000678       0x80 .\CortexM3\ARM_GCC_541\Debug\CS301_Class.a(USBUART_std.o)
 .debug_aranges
                0x000006f8       0x20 .\CortexM3\ARM_GCC_541\Debug\CS301_Class.a(USBUART_vnd.o)
 .debug_aranges
                0x00000718       0xa8 .\CortexM3\ARM_GCC_541\Debug\CS301_Class.a(ADC_SAR.o)
 .debug_aranges
                0x000007c0       0x28 .\CortexM3\ARM_GCC_541\Debug\CS301_Class.a(ADC_TempBuf_dma.o)
 .debug_aranges
                0x000007e8       0x28 .\CortexM3\ARM_GCC_541\Debug\CS301_Class.a(ADC_FinalBuf_dma.o)
 .debug_aranges
                0x00000810       0x80 .\CortexM3\ARM_GCC_541\Debug\CS301_Class.a(ADC_IRQ.o)
 .debug_aranges
                0x00000890       0x48 .\CortexM3\ARM_GCC_541\Debug\CS301_Class.a(USBUART_Dp.o)
 .debug_aranges
                0x000008d8       0xd8 .\CortexM3\ARM_GCC_541\Debug\CS301_Class.a(CyDmac.o)
 .debug_aranges
                0x000009b0      0x2a0 .\CortexM3\ARM_GCC_541\Debug\CS301_Class.a(CyLib.o)
 .debug_aranges
                0x00000c50       0x98 .\CortexM3\ARM_GCC_541\Debug\CS301_Class.a(cyPm.o)
 .debug_aranges
                0x00000ce8       0x20 .\CortexM3\ARM_GCC_541\Debug\CS301_Class.a(cyutils.o)
 .debug_aranges
                0x00000d08       0x78 .\CortexM3\ARM_GCC_541\Debug\CS301_Class.a(PWM_1.o)
 .debug_aranges
                0x00000d80       0x78 .\CortexM3\ARM_GCC_541\Debug\CS301_Class.a(PWM_2.o)
 .debug_aranges
                0x00000df8       0x60 .\CortexM3\ARM_GCC_541\Debug\CS301_Class.a(QuadDec_M1.o)
 .debug_aranges
                0x00000e58       0x60 .\CortexM3\ARM_GCC_541\Debug\CS301_Class.a(QuadDec_M2.o)
 .debug_aranges
                0x00000eb8       0x98 .\CortexM3\ARM_GCC_541\Debug\CS301_Class.a(QuadDec_M1_Cnt16.o)
 .debug_aranges
                0x00000f50       0x98 .\CortexM3\ARM_GCC_541\Debug\CS301_Class.a(QuadDec_M2_Cnt16.o)
 .debug_aranges
                0x00000fe8       0xf0 .\CortexM3\ARM_GCC_541\Debug\CS301_Class.a(UART.o)
 .debug_aranges
                0x000010d8       0x70 .\CortexM3\ARM_GCC_541\Debug\CS301_Class.a(UART_IntClock.o)
 .debug_aranges
                0x00001148       0x28 .\CortexM3\ARM_GCC_541\Debug\CS301_Class.a(RF_BT_SELECT.o)
 .debug_aranges
                0x00001170       0x80 .\CortexM3\ARM_GCC_541\Debug\CS301_Class.a(eoc.o)
 .debug_aranges
                0x000011f0       0x38 .\CortexM3\ARM_GCC_541\Debug\CS301_Class.a(LED_PIN_2.o)
 .debug_aranges
                0x00001228       0x38 .\CortexM3\ARM_GCC_541\Debug\CS301_Class.a(LED_PIN_3.o)
 .debug_aranges
                0x00001260       0x38 .\CortexM3\ARM_GCC_541\Debug\CS301_Class.a(LED_PIN_4.o)
 .debug_aranges
                0x00001298       0x38 .\CortexM3\ARM_GCC_541\Debug\CS301_Class.a(LED_PIN_1.o)
 .debug_aranges
                0x000012d0       0x20 .\CortexM3\ARM_GCC_541\Debug\CS301_Class.a(CyBootAsmGnu.o)
 .debug_aranges
                0x000012f0       0x20 .\CortexM3\ARM_GCC_541\Debug\CS301_Class.a(USBUART_cls.o)
 .debug_aranges
                0x00001310       0x18 .\CortexM3\ARM_GCC_541\Debug\CS301_Class.a(USBUART_descr.o)
 .debug_aranges
                0x00001328       0x88 .\CortexM3\ARM_GCC_541\Debug\CS301_Class.a(CyFlash.o)
 .debug_aranges
                0x000013b0       0x80 .\CortexM3\ARM_GCC_541\Debug\CS301_Class.a(CySpc.o)

.debug_pubnames
 *(.debug_pubnames)

.debug_info     0x00000000     0x9732
 *(.debug_info .gnu.linkonce.wi.*)
 .debug_info    0x00000000      0x7d0 .\CortexM3\ARM_GCC_541\Debug\main.o
 .debug_info    0x000007d0      0x14e .\CortexM3\ARM_GCC_541\Debug\tacho.o
 .debug_info    0x0000091e      0x218 .\CortexM3\ARM_GCC_541\Debug\motors.o
 .debug_info    0x00000b36      0x3bd .\CortexM3\ARM_GCC_541\Debug\pathfind.o
 .debug_info    0x00000ef3      0x481 .\CortexM3\ARM_GCC_541\Debug\cyfitter_cfg.o
 .debug_info    0x00001374      0x139 .\CortexM3\ARM_GCC_541\Debug\cymetadata.o
 .debug_info    0x000014ad      0x32b .\CortexM3\ARM_GCC_541\Debug\Cm3Start.o
 .debug_info    0x000017d8      0x3ab .\CortexM3\ARM_GCC_541\Debug\CS301_Class.a(ADC.o)
 .debug_info    0x00001b83       0xa0 .\CortexM3\ARM_GCC_541\Debug\CS301_Class.a(ADC_INT.o)
 .debug_info    0x00001c23      0x24b .\CortexM3\ARM_GCC_541\Debug\CS301_Class.a(isr_TS.o)
 .debug_info    0x00001e6e      0x25b .\CortexM3\ARM_GCC_541\Debug\CS301_Class.a(Timer_TS.o)
 .debug_info    0x000020c9      0x717 .\CortexM3\ARM_GCC_541\Debug\CS301_Class.a(USBUART.o)
 .debug_info    0x000027e0      0x924 .\CortexM3\ARM_GCC_541\Debug\CS301_Class.a(USBUART_cdc.o)
 .debug_info    0x00003104      0x52d .\CortexM3\ARM_GCC_541\Debug\CS301_Class.a(USBUART_drv.o)
 .debug_info    0x00003631      0x23b .\CortexM3\ARM_GCC_541\Debug\CS301_Class.a(USBUART_episr.o)
 .debug_info    0x0000386c      0x18d .\CortexM3\ARM_GCC_541\Debug\CS301_Class.a(USBUART_pm.o)
 .debug_info    0x000039f9      0x961 .\CortexM3\ARM_GCC_541\Debug\CS301_Class.a(USBUART_std.o)
 .debug_info    0x0000435a      0x1a9 .\CortexM3\ARM_GCC_541\Debug\CS301_Class.a(USBUART_vnd.o)
 .debug_info    0x00004503      0x462 .\CortexM3\ARM_GCC_541\Debug\CS301_Class.a(ADC_SAR.o)
 .debug_info    0x00004965      0x11b .\CortexM3\ARM_GCC_541\Debug\CS301_Class.a(ADC_TempBuf_dma.o)
 .debug_info    0x00004a80      0x11b .\CortexM3\ARM_GCC_541\Debug\CS301_Class.a(ADC_FinalBuf_dma.o)
 .debug_info    0x00004b9b      0x241 .\CortexM3\ARM_GCC_541\Debug\CS301_Class.a(ADC_IRQ.o)
 .debug_info    0x00004ddc      0x171 .\CortexM3\ARM_GCC_541\Debug\CS301_Class.a(USBUART_Dp.o)
 .debug_info    0x00004f4d      0x8c0 .\CortexM3\ARM_GCC_541\Debug\CS301_Class.a(CyDmac.o)
 .debug_info    0x0000580d      0xe51 .\CortexM3\ARM_GCC_541\Debug\CS301_Class.a(CyLib.o)
 .debug_info    0x0000665e      0x57a .\CortexM3\ARM_GCC_541\Debug\CS301_Class.a(cyPm.o)
 .debug_info    0x00006bd8       0xef .\CortexM3\ARM_GCC_541\Debug\CS301_Class.a(cyutils.o)
 .debug_info    0x00006cc7      0x235 .\CortexM3\ARM_GCC_541\Debug\CS301_Class.a(PWM_1.o)
 .debug_info    0x00006efc      0x235 .\CortexM3\ARM_GCC_541\Debug\CS301_Class.a(PWM_2.o)
 .debug_info    0x00007131      0x208 .\CortexM3\ARM_GCC_541\Debug\CS301_Class.a(QuadDec_M1.o)
 .debug_info    0x00007339      0x208 .\CortexM3\ARM_GCC_541\Debug\CS301_Class.a(QuadDec_M2.o)
 .debug_info    0x00007541      0x291 .\CortexM3\ARM_GCC_541\Debug\CS301_Class.a(QuadDec_M1_Cnt16.o)
 .debug_info    0x000077d2      0x291 .\CortexM3\ARM_GCC_541\Debug\CS301_Class.a(QuadDec_M2_Cnt16.o)
 .debug_info    0x00007a63      0x50a .\CortexM3\ARM_GCC_541\Debug\CS301_Class.a(UART.o)
 .debug_info    0x00007f6d      0x25d .\CortexM3\ARM_GCC_541\Debug\CS301_Class.a(UART_IntClock.o)
 .debug_info    0x000081ca       0xd7 .\CortexM3\ARM_GCC_541\Debug\CS301_Class.a(RF_BT_SELECT.o)
 .debug_info    0x000082a1      0x241 .\CortexM3\ARM_GCC_541\Debug\CS301_Class.a(eoc.o)
 .debug_info    0x000084e2      0x11e .\CortexM3\ARM_GCC_541\Debug\CS301_Class.a(LED_PIN_2.o)
 .debug_info    0x00008600      0x11e .\CortexM3\ARM_GCC_541\Debug\CS301_Class.a(LED_PIN_3.o)
 .debug_info    0x0000871e      0x11e .\CortexM3\ARM_GCC_541\Debug\CS301_Class.a(LED_PIN_4.o)
 .debug_info    0x0000883c      0x11e .\CortexM3\ARM_GCC_541\Debug\CS301_Class.a(LED_PIN_1.o)
 .debug_info    0x0000895a       0xb6 .\CortexM3\ARM_GCC_541\Debug\CS301_Class.a(CyBootAsmGnu.o)
 .debug_info    0x00008a10      0x1c8 .\CortexM3\ARM_GCC_541\Debug\CS301_Class.a(USBUART_cls.o)
 .debug_info    0x00008bd8      0x2e1 .\CortexM3\ARM_GCC_541\Debug\CS301_Class.a(USBUART_descr.o)
 .debug_info    0x00008eb9      0x3b9 .\CortexM3\ARM_GCC_541\Debug\CS301_Class.a(CyFlash.o)
 .debug_info    0x00009272      0x4c0 .\CortexM3\ARM_GCC_541\Debug\CS301_Class.a(CySpc.o)

.debug_abbrev   0x00000000     0x31de
 *(.debug_abbrev)
 .debug_abbrev  0x00000000      0x165 .\CortexM3\ARM_GCC_541\Debug\main.o
 .debug_abbrev  0x00000165       0x96 .\CortexM3\ARM_GCC_541\Debug\tacho.o
 .debug_abbrev  0x000001fb       0xb9 .\CortexM3\ARM_GCC_541\Debug\motors.o
 .debug_abbrev  0x000002b4      0x10a .\CortexM3\ARM_GCC_541\Debug\pathfind.o
 .debug_abbrev  0x000003be      0x1b7 .\CortexM3\ARM_GCC_541\Debug\cyfitter_cfg.o
 .debug_abbrev  0x00000575       0x77 .\CortexM3\ARM_GCC_541\Debug\cymetadata.o
 .debug_abbrev  0x000005ec      0x1d6 .\CortexM3\ARM_GCC_541\Debug\Cm3Start.o
 .debug_abbrev  0x000007c2      0x155 .\CortexM3\ARM_GCC_541\Debug\CS301_Class.a(ADC.o)
 .debug_abbrev  0x00000917       0x42 .\CortexM3\ARM_GCC_541\Debug\CS301_Class.a(ADC_INT.o)
 .debug_abbrev  0x00000959      0x183 .\CortexM3\ARM_GCC_541\Debug\CS301_Class.a(isr_TS.o)
 .debug_abbrev  0x00000adc      0x135 .\CortexM3\ARM_GCC_541\Debug\CS301_Class.a(Timer_TS.o)
 .debug_abbrev  0x00000c11      0x1f3 .\CortexM3\ARM_GCC_541\Debug\CS301_Class.a(USBUART.o)
 .debug_abbrev  0x00000e04      0x233 .\CortexM3\ARM_GCC_541\Debug\CS301_Class.a(USBUART_cdc.o)
 .debug_abbrev  0x00001037      0x161 .\CortexM3\ARM_GCC_541\Debug\CS301_Class.a(USBUART_drv.o)
 .debug_abbrev  0x00001198       0xfd .\CortexM3\ARM_GCC_541\Debug\CS301_Class.a(USBUART_episr.o)
 .debug_abbrev  0x00001295       0xd1 .\CortexM3\ARM_GCC_541\Debug\CS301_Class.a(USBUART_pm.o)
 .debug_abbrev  0x00001366      0x1c2 .\CortexM3\ARM_GCC_541\Debug\CS301_Class.a(USBUART_std.o)
 .debug_abbrev  0x00001528       0xc5 .\CortexM3\ARM_GCC_541\Debug\CS301_Class.a(USBUART_vnd.o)
 .debug_abbrev  0x000015ed      0x173 .\CortexM3\ARM_GCC_541\Debug\CS301_Class.a(ADC_SAR.o)
 .debug_abbrev  0x00001760       0x8b .\CortexM3\ARM_GCC_541\Debug\CS301_Class.a(ADC_TempBuf_dma.o)
 .debug_abbrev  0x000017eb       0x8b .\CortexM3\ARM_GCC_541\Debug\CS301_Class.a(ADC_FinalBuf_dma.o)
 .debug_abbrev  0x00001876      0x172 .\CortexM3\ARM_GCC_541\Debug\CS301_Class.a(ADC_IRQ.o)
 .debug_abbrev  0x000019e8       0x90 .\CortexM3\ARM_GCC_541\Debug\CS301_Class.a(USBUART_Dp.o)
 .debug_abbrev  0x00001a78      0x194 .\CortexM3\ARM_GCC_541\Debug\CS301_Class.a(CyDmac.o)
 .debug_abbrev  0x00001c0c      0x217 .\CortexM3\ARM_GCC_541\Debug\CS301_Class.a(CyLib.o)
 .debug_abbrev  0x00001e23      0x161 .\CortexM3\ARM_GCC_541\Debug\CS301_Class.a(cyPm.o)
 .debug_abbrev  0x00001f84       0x7f .\CortexM3\ARM_GCC_541\Debug\CS301_Class.a(cyutils.o)
 .debug_abbrev  0x00002003      0x116 .\CortexM3\ARM_GCC_541\Debug\CS301_Class.a(PWM_1.o)
 .debug_abbrev  0x00002119      0x116 .\CortexM3\ARM_GCC_541\Debug\CS301_Class.a(PWM_2.o)
 .debug_abbrev  0x0000222f      0x130 .\CortexM3\ARM_GCC_541\Debug\CS301_Class.a(QuadDec_M1.o)
 .debug_abbrev  0x0000235f      0x130 .\CortexM3\ARM_GCC_541\Debug\CS301_Class.a(QuadDec_M2.o)
 .debug_abbrev  0x0000248f      0x12c .\CortexM3\ARM_GCC_541\Debug\CS301_Class.a(QuadDec_M1_Cnt16.o)
 .debug_abbrev  0x000025bb      0x12c .\CortexM3\ARM_GCC_541\Debug\CS301_Class.a(QuadDec_M2_Cnt16.o)
 .debug_abbrev  0x000026e7      0x163 .\CortexM3\ARM_GCC_541\Debug\CS301_Class.a(UART.o)
 .debug_abbrev  0x0000284a      0x11d .\CortexM3\ARM_GCC_541\Debug\CS301_Class.a(UART_IntClock.o)
 .debug_abbrev  0x00002967       0x81 .\CortexM3\ARM_GCC_541\Debug\CS301_Class.a(RF_BT_SELECT.o)
 .debug_abbrev  0x000029e8      0x172 .\CortexM3\ARM_GCC_541\Debug\CS301_Class.a(eoc.o)
 .debug_abbrev  0x00002b5a       0x90 .\CortexM3\ARM_GCC_541\Debug\CS301_Class.a(LED_PIN_2.o)
 .debug_abbrev  0x00002bea       0x90 .\CortexM3\ARM_GCC_541\Debug\CS301_Class.a(LED_PIN_3.o)
 .debug_abbrev  0x00002c7a       0x90 .\CortexM3\ARM_GCC_541\Debug\CS301_Class.a(LED_PIN_4.o)
 .debug_abbrev  0x00002d0a       0x90 .\CortexM3\ARM_GCC_541\Debug\CS301_Class.a(LED_PIN_1.o)
 .debug_abbrev  0x00002d9a       0x14 .\CortexM3\ARM_GCC_541\Debug\CS301_Class.a(CyBootAsmGnu.o)
 .debug_abbrev  0x00002dae       0xc5 .\CortexM3\ARM_GCC_541\Debug\CS301_Class.a(USBUART_cls.o)
 .debug_abbrev  0x00002e73       0xb4 .\CortexM3\ARM_GCC_541\Debug\CS301_Class.a(USBUART_descr.o)
 .debug_abbrev  0x00002f27      0x14b .\CortexM3\ARM_GCC_541\Debug\CS301_Class.a(CyFlash.o)
 .debug_abbrev  0x00003072      0x16c .\CortexM3\ARM_GCC_541\Debug\CS301_Class.a(CySpc.o)

.debug_line     0x00000000     0x4ccd
 *(.debug_line)
 .debug_line    0x00000000      0x32c .\CortexM3\ARM_GCC_541\Debug\main.o
 .debug_line    0x0000032c      0x183 .\CortexM3\ARM_GCC_541\Debug\tacho.o
 .debug_line    0x000004af      0x264 .\CortexM3\ARM_GCC_541\Debug\motors.o
 .debug_line    0x00000713      0x23e .\CortexM3\ARM_GCC_541\Debug\pathfind.o
 .debug_line    0x00000951      0x235 .\CortexM3\ARM_GCC_541\Debug\cyfitter_cfg.o
 .debug_line    0x00000b86      0x141 .\CortexM3\ARM_GCC_541\Debug\cymetadata.o
 .debug_line    0x00000cc7      0x1db .\CortexM3\ARM_GCC_541\Debug\Cm3Start.o
 .debug_line    0x00000ea2      0x1bf .\CortexM3\ARM_GCC_541\Debug\CS301_Class.a(ADC.o)
 .debug_line    0x00001061       0x53 .\CortexM3\ARM_GCC_541\Debug\CS301_Class.a(ADC_INT.o)
 .debug_line    0x000010b4      0x150 .\CortexM3\ARM_GCC_541\Debug\CS301_Class.a(isr_TS.o)
 .debug_line    0x00001204      0x171 .\CortexM3\ARM_GCC_541\Debug\CS301_Class.a(Timer_TS.o)
 .debug_line    0x00001375      0x307 .\CortexM3\ARM_GCC_541\Debug\CS301_Class.a(USBUART.o)
 .debug_line    0x0000167c      0x30c .\CortexM3\ARM_GCC_541\Debug\CS301_Class.a(USBUART_cdc.o)
 .debug_line    0x00001988      0x21f .\CortexM3\ARM_GCC_541\Debug\CS301_Class.a(USBUART_drv.o)
 .debug_line    0x00001ba7       0xf2 .\CortexM3\ARM_GCC_541\Debug\CS301_Class.a(USBUART_episr.o)
 .debug_line    0x00001c99       0xe6 .\CortexM3\ARM_GCC_541\Debug\CS301_Class.a(USBUART_pm.o)
 .debug_line    0x00001d7f      0x470 .\CortexM3\ARM_GCC_541\Debug\CS301_Class.a(USBUART_std.o)
 .debug_line    0x000021ef       0x8f .\CortexM3\ARM_GCC_541\Debug\CS301_Class.a(USBUART_vnd.o)
 .debug_line    0x0000227e      0x207 .\CortexM3\ARM_GCC_541\Debug\CS301_Class.a(ADC_SAR.o)
 .debug_line    0x00002485       0x7e .\CortexM3\ARM_GCC_541\Debug\CS301_Class.a(ADC_TempBuf_dma.o)
 .debug_line    0x00002503       0x7f .\CortexM3\ARM_GCC_541\Debug\CS301_Class.a(ADC_FinalBuf_dma.o)
 .debug_line    0x00002582      0x142 .\CortexM3\ARM_GCC_541\Debug\CS301_Class.a(ADC_IRQ.o)
 .debug_line    0x000026c4       0xbf .\CortexM3\ARM_GCC_541\Debug\CS301_Class.a(USBUART_Dp.o)
 .debug_line    0x00002783      0x2b6 .\CortexM3\ARM_GCC_541\Debug\CS301_Class.a(CyDmac.o)
 .debug_line    0x00002a39      0x883 .\CortexM3\ARM_GCC_541\Debug\CS301_Class.a(CyLib.o)
 .debug_line    0x000032bc      0x38e .\CortexM3\ARM_GCC_541\Debug\CS301_Class.a(cyPm.o)
 .debug_line    0x0000364a       0x62 .\CortexM3\ARM_GCC_541\Debug\CS301_Class.a(cyutils.o)
 .debug_line    0x000036ac      0x140 .\CortexM3\ARM_GCC_541\Debug\CS301_Class.a(PWM_1.o)
 .debug_line    0x000037ec      0x140 .\CortexM3\ARM_GCC_541\Debug\CS301_Class.a(PWM_2.o)
 .debug_line    0x0000392c      0x10a .\CortexM3\ARM_GCC_541\Debug\CS301_Class.a(QuadDec_M1.o)
 .debug_line    0x00003a36      0x10a .\CortexM3\ARM_GCC_541\Debug\CS301_Class.a(QuadDec_M2.o)
 .debug_line    0x00003b40      0x18e .\CortexM3\ARM_GCC_541\Debug\CS301_Class.a(QuadDec_M1_Cnt16.o)
 .debug_line    0x00003cce      0x18e .\CortexM3\ARM_GCC_541\Debug\CS301_Class.a(QuadDec_M2_Cnt16.o)
 .debug_line    0x00003e5c      0x2e2 .\CortexM3\ARM_GCC_541\Debug\CS301_Class.a(UART.o)
 .debug_line    0x0000413e      0x1ac .\CortexM3\ARM_GCC_541\Debug\CS301_Class.a(UART_IntClock.o)
 .debug_line    0x000042ea       0x75 .\CortexM3\ARM_GCC_541\Debug\CS301_Class.a(RF_BT_SELECT.o)
 .debug_line    0x0000435f      0x14e .\CortexM3\ARM_GCC_541\Debug\CS301_Class.a(eoc.o)
 .debug_line    0x000044ad       0x99 .\CortexM3\ARM_GCC_541\Debug\CS301_Class.a(LED_PIN_2.o)
 .debug_line    0x00004546       0x99 .\CortexM3\ARM_GCC_541\Debug\CS301_Class.a(LED_PIN_3.o)
 .debug_line    0x000045df       0x99 .\CortexM3\ARM_GCC_541\Debug\CS301_Class.a(LED_PIN_4.o)
 .debug_line    0x00004678       0x99 .\CortexM3\ARM_GCC_541\Debug\CS301_Class.a(LED_PIN_1.o)
 .debug_line    0x00004711       0x66 .\CortexM3\ARM_GCC_541\Debug\CS301_Class.a(CyBootAsmGnu.o)
 .debug_line    0x00004777       0x95 .\CortexM3\ARM_GCC_541\Debug\CS301_Class.a(USBUART_cls.o)
 .debug_line    0x0000480c       0x61 .\CortexM3\ARM_GCC_541\Debug\CS301_Class.a(USBUART_descr.o)
 .debug_line    0x0000486d      0x22f .\CortexM3\ARM_GCC_541\Debug\CS301_Class.a(CyFlash.o)
 .debug_line    0x00004a9c      0x231 .\CortexM3\ARM_GCC_541\Debug\CS301_Class.a(CySpc.o)

.debug_frame    0x00000000     0x5140
 *(.debug_frame)
 .debug_frame   0x00000000       0xd0 .\CortexM3\ARM_GCC_541\Debug\main.o
 .debug_frame   0x000000d0       0x60 .\CortexM3\ARM_GCC_541\Debug\tacho.o
 .debug_frame   0x00000130      0x1dc .\CortexM3\ARM_GCC_541\Debug\motors.o
 .debug_frame   0x0000030c       0x68 .\CortexM3\ARM_GCC_541\Debug\pathfind.o
 .debug_frame   0x00000374      0x16c .\CortexM3\ARM_GCC_541\Debug\cyfitter_cfg.o
 .debug_frame   0x000004e0       0xd8 .\CortexM3\ARM_GCC_541\Debug\Cm3Start.o
 .debug_frame   0x000005b8      0x264 .\CortexM3\ARM_GCC_541\Debug\CS301_Class.a(ADC.o)
 .debug_frame   0x0000081c       0x34 .\CortexM3\ARM_GCC_541\Debug\CS301_Class.a(ADC_INT.o)
 .debug_frame   0x00000850      0x1e8 .\CortexM3\ARM_GCC_541\Debug\CS301_Class.a(isr_TS.o)
 .debug_frame   0x00000a38      0x230 .\CortexM3\ARM_GCC_541\Debug\CS301_Class.a(Timer_TS.o)
 .debug_frame   0x00000c68      0x37c .\CortexM3\ARM_GCC_541\Debug\CS301_Class.a(USBUART.o)
 .debug_frame   0x00000fe4      0x3ec .\CortexM3\ARM_GCC_541\Debug\CS301_Class.a(USBUART_cdc.o)
 .debug_frame   0x000013d0      0x23c .\CortexM3\ARM_GCC_541\Debug\CS301_Class.a(USBUART_drv.o)
 .debug_frame   0x0000160c       0xbc .\CortexM3\ARM_GCC_541\Debug\CS301_Class.a(USBUART_episr.o)
 .debug_frame   0x000016c8       0xbc .\CortexM3\ARM_GCC_541\Debug\CS301_Class.a(USBUART_pm.o)
 .debug_frame   0x00001784      0x224 .\CortexM3\ARM_GCC_541\Debug\CS301_Class.a(USBUART_std.o)
 .debug_frame   0x000019a8       0x38 .\CortexM3\ARM_GCC_541\Debug\CS301_Class.a(USBUART_vnd.o)
 .debug_frame   0x000019e0      0x2bc .\CortexM3\ARM_GCC_541\Debug\CS301_Class.a(ADC_SAR.o)
 .debug_frame   0x00001c9c       0x58 .\CortexM3\ARM_GCC_541\Debug\CS301_Class.a(ADC_TempBuf_dma.o)
 .debug_frame   0x00001cf4       0x58 .\CortexM3\ARM_GCC_541\Debug\CS301_Class.a(ADC_FinalBuf_dma.o)
 .debug_frame   0x00001d4c      0x1e8 .\CortexM3\ARM_GCC_541\Debug\CS301_Class.a(ADC_IRQ.o)
 .debug_frame   0x00001f34       0xf4 .\CortexM3\ARM_GCC_541\Debug\CS301_Class.a(USBUART_Dp.o)
 .debug_frame   0x00002028      0x3d0 .\CortexM3\ARM_GCC_541\Debug\CS301_Class.a(CyDmac.o)
 .debug_frame   0x000023f8      0xc0c .\CortexM3\ARM_GCC_541\Debug\CS301_Class.a(CyLib.o)
 .debug_frame   0x00003004      0x234 .\CortexM3\ARM_GCC_541\Debug\CS301_Class.a(cyPm.o)
 .debug_frame   0x00003238       0x38 .\CortexM3\ARM_GCC_541\Debug\CS301_Class.a(cyutils.o)
 .debug_frame   0x00003270      0x1d0 .\CortexM3\ARM_GCC_541\Debug\CS301_Class.a(PWM_1.o)
 .debug_frame   0x00003440      0x1d0 .\CortexM3\ARM_GCC_541\Debug\CS301_Class.a(PWM_2.o)
 .debug_frame   0x00003610      0x160 .\CortexM3\ARM_GCC_541\Debug\CS301_Class.a(QuadDec_M1.o)
 .debug_frame   0x00003770      0x160 .\CortexM3\ARM_GCC_541\Debug\CS301_Class.a(QuadDec_M2.o)
 .debug_frame   0x000038d0      0x258 .\CortexM3\ARM_GCC_541\Debug\CS301_Class.a(QuadDec_M1_Cnt16.o)
 .debug_frame   0x00003b28      0x258 .\CortexM3\ARM_GCC_541\Debug\CS301_Class.a(QuadDec_M2_Cnt16.o)
 .debug_frame   0x00003d80      0x42c .\CortexM3\ARM_GCC_541\Debug\CS301_Class.a(UART.o)
 .debug_frame   0x000041ac      0x1b4 .\CortexM3\ARM_GCC_541\Debug\CS301_Class.a(UART_IntClock.o)
 .debug_frame   0x00004360       0x5c .\CortexM3\ARM_GCC_541\Debug\CS301_Class.a(RF_BT_SELECT.o)
 .debug_frame   0x000043bc      0x1e8 .\CortexM3\ARM_GCC_541\Debug\CS301_Class.a(eoc.o)
 .debug_frame   0x000045a4       0xa8 .\CortexM3\ARM_GCC_541\Debug\CS301_Class.a(LED_PIN_2.o)
 .debug_frame   0x0000464c       0xa8 .\CortexM3\ARM_GCC_541\Debug\CS301_Class.a(LED_PIN_3.o)
 .debug_frame   0x000046f4       0xa8 .\CortexM3\ARM_GCC_541\Debug\CS301_Class.a(LED_PIN_4.o)
 .debug_frame   0x0000479c       0xa8 .\CortexM3\ARM_GCC_541\Debug\CS301_Class.a(LED_PIN_1.o)
 .debug_frame   0x00004844       0x38 .\CortexM3\ARM_GCC_541\Debug\CS301_Class.a(USBUART_cls.o)
 .debug_frame   0x0000487c      0x238 .\CortexM3\ARM_GCC_541\Debug\CS301_Class.a(CyFlash.o)
 .debug_frame   0x00004ab4      0x228 .\CortexM3\ARM_GCC_541\Debug\CS301_Class.a(CySpc.o)
 .debug_frame   0x00004cdc       0x44 c:/program files (x86)/cypress/psoc creator/4.2/psoc creator/import/gnu/arm/5.4.1/bin/../lib/gcc/arm-none-eabi/5.4.1/armv7-m\libgcc.a(_aeabi_ldivmod.o)
 .debug_frame   0x00004d20       0x38 c:/program files (x86)/cypress/psoc creator/4.2/psoc creator/import/gnu/arm/5.4.1/bin/../lib/gcc/arm-none-eabi/5.4.1/armv7-m\libgcc.a(_udivmoddi4.o)
 .debug_frame   0x00004d58       0x20 c:/program files (x86)/cypress/psoc creator/4.2/psoc creator/import/gnu/arm/5.4.1/bin/../lib/gcc/arm-none-eabi/5.4.1/../../../../arm-none-eabi/lib/armv7-m\libg_nano.a(lib_a-errno.o)
 .debug_frame   0x00004d78       0x28 c:/program files (x86)/cypress/psoc creator/4.2/psoc creator/import/gnu/arm/5.4.1/bin/../lib/gcc/arm-none-eabi/5.4.1/../../../../arm-none-eabi/lib/armv7-m\libg_nano.a(lib_a-exit.o)
 .debug_frame   0x00004da0       0x2c c:/program files (x86)/cypress/psoc creator/4.2/psoc creator/import/gnu/arm/5.4.1/bin/../lib/gcc/arm-none-eabi/5.4.1/../../../../arm-none-eabi/lib/armv7-m\libg_nano.a(lib_a-init.o)
 .debug_frame   0x00004dcc       0x28 c:/program files (x86)/cypress/psoc creator/4.2/psoc creator/import/gnu/arm/5.4.1/bin/../lib/gcc/arm-none-eabi/5.4.1/../../../../arm-none-eabi/lib/armv7-m\libg_nano.a(lib_a-memcpy-stub.o)
 .debug_frame   0x00004df4       0x20 c:/program files (x86)/cypress/psoc creator/4.2/psoc creator/import/gnu/arm/5.4.1/bin/../lib/gcc/arm-none-eabi/5.4.1/../../../../arm-none-eabi/lib/armv7-m\libg_nano.a(lib_a-memset.o)
 .debug_frame   0x00004e14       0x74 c:/program files (x86)/cypress/psoc creator/4.2/psoc creator/import/gnu/arm/5.4.1/bin/../lib/gcc/arm-none-eabi/5.4.1/../../../../arm-none-eabi/lib/armv7-m\libg_nano.a(lib_a-snprintf.o)
 .debug_frame   0x00004e88       0x90 c:/program files (x86)/cypress/psoc creator/4.2/psoc creator/import/gnu/arm/5.4.1/bin/../lib/gcc/arm-none-eabi/5.4.1/../../../../arm-none-eabi/lib/armv7-m\libg_nano.a(lib_a-nano-svfprintf.o)
 .debug_frame   0x00004f18       0x60 c:/program files (x86)/cypress/psoc creator/4.2/psoc creator/import/gnu/arm/5.4.1/bin/../lib/gcc/arm-none-eabi/5.4.1/../../../../arm-none-eabi/lib/armv7-m\libg_nano.a(lib_a-nano-vfprintf_i.o)
 .debug_frame   0x00004f78       0x28 c:/program files (x86)/cypress/psoc creator/4.2/psoc creator/import/gnu/arm/5.4.1/bin/../lib/gcc/arm-none-eabi/5.4.1/../../../../arm-none-eabi/lib/armv7-m\libg_nano.a(lib_a-memchr-stub.o)
 .debug_frame   0x00004fa0       0x28 c:/program files (x86)/cypress/psoc creator/4.2/psoc creator/import/gnu/arm/5.4.1/bin/../lib/gcc/arm-none-eabi/5.4.1/../../../../arm-none-eabi/lib/armv7-m\libg_nano.a(lib_a-memmove.o)
 .debug_frame   0x00004fc8       0x38 c:/program files (x86)/cypress/psoc creator/4.2/psoc creator/import/gnu/arm/5.4.1/bin/../lib/gcc/arm-none-eabi/5.4.1/../../../../arm-none-eabi/lib/armv7-m\libg_nano.a(lib_a-nano-freer.o)
 .debug_frame   0x00005000       0x2c c:/program files (x86)/cypress/psoc creator/4.2/psoc creator/import/gnu/arm/5.4.1/bin/../lib/gcc/arm-none-eabi/5.4.1/../../../../arm-none-eabi/lib/armv7-m\libg_nano.a(lib_a-nano-mallocr.o)
 .debug_frame   0x0000502c       0x3c c:/program files (x86)/cypress/psoc creator/4.2/psoc creator/import/gnu/arm/5.4.1/bin/../lib/gcc/arm-none-eabi/5.4.1/../../../../arm-none-eabi/lib/armv7-m\libg_nano.a(lib_a-nano-reallocr.o)
 .debug_frame   0x00005068       0x2c c:/program files (x86)/cypress/psoc creator/4.2/psoc creator/import/gnu/arm/5.4.1/bin/../lib/gcc/arm-none-eabi/5.4.1/../../../../arm-none-eabi/lib/armv7-m\libg_nano.a(lib_a-sbrkr.o)
 .debug_frame   0x00005094       0x30 c:/program files (x86)/cypress/psoc creator/4.2/psoc creator/import/gnu/arm/5.4.1/bin/../lib/gcc/arm-none-eabi/5.4.1/../../../../arm-none-eabi/lib/armv7-m\libg_nano.a(lib_a-mlock.o)
 .debug_frame   0x000050c4       0x20 c:/program files (x86)/cypress/psoc creator/4.2/psoc creator/import/gnu/arm/5.4.1/bin/../lib/gcc/arm-none-eabi/5.4.1/../../../../arm-none-eabi/lib/armv7-m\libg_nano.a(lib_a-nano-msizer.o)
 .debug_frame   0x000050e4       0x5c c:/program files (x86)/cypress/psoc creator/4.2/psoc creator/import/gnu/arm/5.4.1/bin/../lib/gcc/arm-none-eabi/5.4.1/../../../../arm-none-eabi/lib/armv7-m\libg_nano.a(lib_a-reent.o)

.debug_str      0x00000000     0x454c
 *(.debug_str)
 .debug_str     0x00000000      0x58a .\CortexM3\ARM_GCC_541\Debug\main.o
                                0x60c (size before relaxing)
 .debug_str     0x0000058a       0x37 .\CortexM3\ARM_GCC_541\Debug\tacho.o
                                0x1fd (size before relaxing)
 .debug_str     0x000005c1       0xef .\CortexM3\ARM_GCC_541\Debug\motors.o
                                0x2c1 (size before relaxing)
 .debug_str     0x000006b0       0xeb .\CortexM3\ARM_GCC_541\Debug\pathfind.o
                                0x2c8 (size before relaxing)
 .debug_str     0x0000079b      0x19c .\CortexM3\ARM_GCC_541\Debug\cyfitter_cfg.o